Component: ARM Compiler 5.06 update 6 (build 750) Tool: armlink [4d35ed]

==============================================================================

Section Cross References

    startup_stm32f303xc.o(RESET) refers to startup_stm32f303xc.o(STACK) for __initial_sp
    startup_stm32f303xc.o(RESET) refers to startup_stm32f303xc.o(.text) for Reset_Handler
    startup_stm32f303xc.o(RESET) refers to stm32f3xx_it.o(i.SVC_Handler) for SVC_Handler
    startup_stm32f303xc.o(RESET) refers to stm32f3xx_it.o(i.PendSV_Handler) for PendSV_Handler
    startup_stm32f303xc.o(RESET) refers to stm32f3xx_it.o(i.SysTick_Handler) for SysTick_Handler
    startup_stm32f303xc.o(RESET) refers to stm32f3xx_it.o(i.EXTI0_IRQHandler) for EXTI0_IRQHandler
    startup_stm32f303xc.o(RESET) refers to stm32f3xx_it.o(i.EXTI1_IRQHandler) for EXTI1_IRQHandler
    startup_stm32f303xc.o(RESET) refers to stm32f3xx_it.o(i.EXTI2_TSC_IRQHandler) for EXTI2_TSC_IRQHandler
    startup_stm32f303xc.o(RESET) refers to stm32f3xx_it.o(i.EXTI3_IRQHandler) for EXTI3_IRQHandler
    startup_stm32f303xc.o(RESET) refers to stm32f3xx_it.o(i.TIM2_IRQHandler) for TIM2_IRQHandler
    startup_stm32f303xc.o(RESET) refers to stm32f3xx_it.o(i.TIM4_IRQHandler) for TIM4_IRQHandler
    startup_stm32f303xc.o(RESET) refers to stm32f3xx_it.o(i.USART2_IRQHandler) for USART2_IRQHandler
    startup_stm32f303xc.o(.text) refers to system_stm32f3xx.o(i.SystemInit) for SystemInit
    startup_stm32f303xc.o(.text) refers to entry.o(.ARM.Collect$$$$00000000) for __main
    stm32f3xx_hal.o(i.HAL_DeInit) refers to stm32f3xx_hal.o(i.HAL_MspDeInit) for HAL_MspDeInit
    stm32f3xx_hal.o(i.HAL_Delay) refers to stm32f3xx_hal.o(i.HAL_GetTick) for HAL_GetTick
    stm32f3xx_hal.o(i.HAL_Delay) refers to stm32f3xx_hal.o(.data) for .data
    stm32f3xx_hal.o(i.HAL_GetTick) refers to stm32f3xx_hal.o(.data) for .data
    stm32f3xx_hal.o(i.HAL_GetTickFreq) refers to stm32f3xx_hal.o(.data) for .data
    stm32f3xx_hal.o(i.HAL_GetTickPrio) refers to stm32f3xx_hal.o(.data) for .data
    stm32f3xx_hal.o(i.HAL_IncTick) refers to stm32f3xx_hal.o(.data) for .data
    stm32f3xx_hal.o(i.HAL_Init) refers to stm32f3xx_hal_cortex.o(i.HAL_NVIC_SetPriorityGrouping) for HAL_NVIC_SetPriorityGrouping
    stm32f3xx_hal.o(i.HAL_Init) refers to stm32f3xx_hal.o(i.HAL_InitTick) for HAL_InitTick
    stm32f3xx_hal.o(i.HAL_Init) refers to stm32f3xx_hal_msp.o(i.HAL_MspInit) for HAL_MspInit
    stm32f3xx_hal.o(i.HAL_InitTick) refers to stm32f3xx_hal_cortex.o(i.HAL_SYSTICK_Config) for HAL_SYSTICK_Config
    stm32f3xx_hal.o(i.HAL_InitTick) refers to stm32f3xx_hal_cortex.o(i.HAL_NVIC_SetPriority) for HAL_NVIC_SetPriority
    stm32f3xx_hal.o(i.HAL_InitTick) refers to stm32f3xx_hal.o(.data) for .data
    stm32f3xx_hal.o(i.HAL_InitTick) refers to system_stm32f3xx.o(.data) for SystemCoreClock
    stm32f3xx_hal.o(i.HAL_SetTickFreq) refers to stm32f3xx_hal.o(i.HAL_InitTick) for HAL_InitTick
    stm32f3xx_hal.o(i.HAL_SetTickFreq) refers to stm32f3xx_hal.o(.data) for .data
    stm32f3xx_hal_tim.o(i.HAL_TIM_Base_DeInit) refers to stm32f3xx_hal_msp.o(i.HAL_TIM_Base_MspDeInit) for HAL_TIM_Base_MspDeInit
    stm32f3xx_hal_tim.o(i.HAL_TIM_Base_Init) refers to stm32f3xx_hal_msp.o(i.HAL_TIM_Base_MspInit) for HAL_TIM_Base_MspInit
    stm32f3xx_hal_tim.o(i.HAL_TIM_Base_Init) refers to stm32f3xx_hal_tim.o(i.TIM_Base_SetConfig) for TIM_Base_SetConfig
    stm32f3xx_hal_tim.o(i.HAL_TIM_Base_Start_DMA) refers to stm32f3xx_hal_dma.o(i.HAL_DMA_Start_IT) for HAL_DMA_Start_IT
    stm32f3xx_hal_tim.o(i.HAL_TIM_Base_Start_DMA) refers to stm32f3xx_hal_tim.o(i.TIM_DMAPeriodElapsedCplt) for TIM_DMAPeriodElapsedCplt
    stm32f3xx_hal_tim.o(i.HAL_TIM_Base_Start_DMA) refers to stm32f3xx_hal_tim.o(i.TIM_DMAError) for TIM_DMAError
    stm32f3xx_hal_tim.o(i.HAL_TIM_ConfigClockSource) refers to stm32f3xx_hal_tim.o(i.TIM_ETR_SetConfig) for TIM_ETR_SetConfig
    stm32f3xx_hal_tim.o(i.HAL_TIM_ConfigClockSource) refers to stm32f3xx_hal_tim.o(i.TIM_TI1_ConfigInputStage) for TIM_TI1_ConfigInputStage
    stm32f3xx_hal_tim.o(i.HAL_TIM_ConfigClockSource) refers to stm32f3xx_hal_tim.o(i.TIM_TI2_ConfigInputStage) for TIM_TI2_ConfigInputStage
    stm32f3xx_hal_tim.o(i.HAL_TIM_ConfigClockSource) refers to stm32f3xx_hal_tim.o(i.TIM_ITRx_SetConfig) for TIM_ITRx_SetConfig
    stm32f3xx_hal_tim.o(i.HAL_TIM_ConfigOCrefClear) refers to stm32f3xx_hal_tim.o(i.TIM_ETR_SetConfig) for TIM_ETR_SetConfig
    stm32f3xx_hal_tim.o(i.HAL_TIM_DMABurst_MultiReadStart) refers to stm32f3xx_hal_dma.o(i.HAL_DMA_Start_IT) for HAL_DMA_Start_IT
    stm32f3xx_hal_tim.o(i.HAL_TIM_DMABurst_MultiReadStart) refers to stm32f3xx_hal_tim.o(i.TIM_DMAError) for TIM_DMAError
    stm32f3xx_hal_tim.o(i.HAL_TIM_DMABurst_MultiReadStart) refers to stm32f3xx_hal_tim.o(i.TIM_DMACaptureCplt) for TIM_DMACaptureCplt
    stm32f3xx_hal_tim.o(i.HAL_TIM_DMABurst_MultiReadStart) refers to stm32f3xx_hal_tim.o(i.TIM_DMAPeriodElapsedCplt) for TIM_DMAPeriodElapsedCplt
[...]
    Removing stm32f3xx_hal_uart.o(i.HAL_UART_AbortReceive_IT), (108 bytes).
    Removing stm32f3xx_hal_uart.o(i.HAL_UART_AbortTransmit), (58 bytes).
    Removing stm32f3xx_hal_uart.o(i.HAL_UART_AbortTransmitCpltCallback), (2 bytes).
    Removing stm32f3xx_hal_uart.o(i.HAL_UART_AbortTransmit_IT), (84 bytes).
    Removing stm32f3xx_hal_uart.o(i.HAL_UART_Abort_IT), (180 bytes).
    Removing stm32f3xx_hal_uart.o(i.HAL_UART_DMAPause), (98 bytes).
    Removing stm32f3xx_hal_uart.o(i.HAL_UART_DMAResume), (92 bytes).
    Removing stm32f3xx_hal_uart.o(i.HAL_UART_DMAStop), (84 bytes).
    Removing stm32f3xx_hal_uart.o(i.HAL_UART_DeInit), (64 bytes).
    Removing stm32f3xx_hal_uart.o(i.HAL_UART_GetError), (4 bytes).
    Removing stm32f3xx_hal_uart.o(i.HAL_UART_GetState), (10 bytes).
    Removing stm32f3xx_hal_uart.o(i.HAL_UART_MspDeInit), (2 bytes).
    Removing stm32f3xx_hal_uart.o(i.HAL_UART_MspInit), (2 bytes).
    Removing stm32f3xx_hal_uart.o(i.HAL_UART_Receive), (210 bytes).
    Removing stm32f3xx_hal_uart.o(i.HAL_UART_Receive_DMA), (144 bytes).
    Removing stm32f3xx_hal_uart.o(i.HAL_UART_RxCpltCallback), (2 bytes).
    Removing stm32f3xx_hal_uart.o(i.HAL_UART_RxHalfCpltCallback), (2 bytes).
    Removing stm32f3xx_hal_uart.o(i.HAL_UART_Transmit_DMA), (136 bytes).
    Removing stm32f3xx_hal_uart.o(i.HAL_UART_Transmit_IT), (62 bytes).
    Removing stm32f3xx_hal_uart.o(i.HAL_UART_TxHalfCpltCallback), (2 bytes).
    Removing stm32f3xx_hal_uart.o(i.UART_DMAError), (74 bytes).
    Removing stm32f3xx_hal_uart.o(i.UART_DMAReceiveCplt), (62 bytes).
    Removing stm32f3xx_hal_uart.o(i.UART_DMARxAbortCallback), (52 bytes).
    Removing stm32f3xx_hal_uart.o(i.UART_DMARxHalfCplt), (10 bytes).
    Removing stm32f3xx_hal_uart.o(i.UART_DMARxOnlyAbortCallback), (28 bytes).
    Removing stm32f3xx_hal_uart.o(i.UART_DMATransmitCplt), (48 bytes).
    Removing stm32f3xx_hal_uart.o(i.UART_DMATxAbortCallback), (52 bytes).
    Removing stm32f3xx_hal_uart.o(i.UART_DMATxHalfCplt), (10 bytes).
    Removing stm32f3xx_hal_uart.o(i.UART_DMATxOnlyAbortCallback), (22 bytes).
    Removing stm32f3xx_hal_uart.o(i.UART_EndTxTransfer), (18 bytes).
    Removing stm32f3xx_hal_uart.o(i.UART_Wakeup_AddressConfig), (30 bytes).
    Removing stm32f3xx_hal_uart_ex.o(.rev16_text), (4 bytes).
    Removing stm32f3xx_hal_uart_ex.o(.revsh_text), (4 bytes).
    Removing stm32f3xx_hal_uart_ex.o(.rrx_text), (6 bytes).
    Removing stm32f3xx_hal_uart_ex.o(i.HAL_MultiProcessorEx_AddressLength_Set), (48 bytes).
    Removing stm32f3xx_hal_uart_ex.o(i.HAL_RS485Ex_Init), (140 bytes).
    Removing stm32f3xx_hal_uart_ex.o(i.HAL_UARTEx_DisableStopMode), (46 bytes).
    Removing stm32f3xx_hal_uart_ex.o(i.HAL_UARTEx_EnableStopMode), (46 bytes).
    Removing stm32f3xx_hal_uart_ex.o(i.HAL_UARTEx_StopModeWakeUpSourceConfig), (118 bytes).
    Removing stm32f3xx_hal_adc_ex.o(.rev16_text), (4 bytes).
    Removing stm32f3xx_hal_adc_ex.o(.revsh_text), (4 bytes).
    Removing stm32f3xx_hal_adc_ex.o(.rrx_text), (6 bytes).
    Removing stm32f3xx_hal_adc_ex.o(i.ADC_ConversionStop), (188 bytes).
    Removing stm32f3xx_hal_adc_ex.o(i.ADC_DMAConvCplt), (68 bytes).
    Removing stm32f3xx_hal_adc_ex.o(i.ADC_DMAError), (22 bytes).
    Removing stm32f3xx_hal_adc_ex.o(i.ADC_DMAHalfConvCplt), (6 bytes).
    Removing stm32f3xx_hal_adc_ex.o(i.HAL_ADCEx_Calibration_GetValue), (20 bytes).
    Removing stm32f3xx_hal_adc_ex.o(i.HAL_ADCEx_Calibration_SetValue), (102 bytes).
    Removing stm32f3xx_hal_adc_ex.o(i.HAL_ADCEx_Calibration_Start), (150 bytes).
    Removing stm32f3xx_hal_adc_ex.o(i.HAL_ADCEx_InjectedConfigChannel), (1172 bytes).
    Removing stm32f3xx_hal_adc_ex.o(i.HAL_ADCEx_InjectedConvCpltCallback), (2 bytes).
    Removing stm32f3xx_hal_adc_ex.o(i.HAL_ADCEx_InjectedGetValue), (38 bytes).
    Removing stm32f3xx_hal_adc_ex.o(i.HAL_ADCEx_InjectedPollForConversion), (208 bytes).
    Removing stm32f3xx_hal_adc_ex.o(i.HAL_ADCEx_InjectedQueueOverflowCallback), (2 bytes).
    Removing stm32f3xx_hal_adc_ex.o(i.HAL_ADCEx_InjectedStart), (268 bytes).
    Removing stm32f3xx_hal_adc_ex.o(i.HAL_ADCEx_InjectedStart_IT), (316 bytes).
    Removing stm32f3xx_hal_adc_ex.o(i.HAL_ADCEx_InjectedStop), (104 bytes).
    Removing stm32f3xx_hal_adc_ex.o(i.HAL_ADCEx_InjectedStop_IT), (114 bytes).
    Removing stm32f3xx_hal_adc_ex.o(i.HAL_ADCEx_LevelOutOfWindow2Callback), (2 bytes).
    Removing stm32f3xx_hal_adc_ex.o(i.HAL_ADCEx_LevelOutOfWindow3Callback), (2 bytes).
    Removing stm32f3xx_hal_adc_ex.o(i.HAL_ADCEx_MultiModeGetValue), (36 bytes).
    Removing stm32f3xx_hal_adc_ex.o(i.HAL_ADCEx_MultiModeStart_DMA), (268 bytes).
    Removing stm32f3xx_hal_adc_ex.o(i.HAL_ADCEx_MultiModeStop_DMA), (228 bytes).
    Removing stm32f3xx_hal_adc_ex.o(i.HAL_ADCEx_RegularMultiModeStop_DMA), (244 bytes).
    Removing stm32f3xx_hal_adc_ex.o(i.HAL_ADCEx_RegularStop), (82 bytes).
    Removing stm32f3xx_hal_adc_ex.o(i.HAL_ADCEx_RegularStop_DMA), (132 bytes).
    Removing stm32f3xx_hal_adc_ex.o(i.HAL_ADCEx_RegularStop_IT), (90 bytes).
    Removing stm32f3xx_hal_adc_ex.o(i.HAL_ADC_AnalogWDGConfig), (360 bytes).
    Removing stm32f3xx_hal_adc_ex.o(i.HAL_ADC_DeInit), (448 bytes).
    Removing stm32f3xx_hal_adc_ex.o(i.HAL_ADC_IRQHandler), (808 bytes).
    Removing stm32f3xx_hal_adc_ex.o(i.HAL_ADC_PollForConversion), (280 bytes).
    Removing stm32f3xx_hal_adc_ex.o(i.HAL_ADC_PollForEvent), (170 bytes).
    Removing stm32f3xx_hal_adc_ex.o(i.HAL_ADC_Start_DMA), (332 bytes).
    Removing stm32f3xx_hal_adc_ex.o(i.HAL_ADC_Start_IT), (384 bytes).
    Removing stm32f3xx_hal_adc_ex.o(i.HAL_ADC_Stop), (62 bytes).
    Removing stm32f3xx_hal_adc_ex.o(i.HAL_ADC_Stop_DMA), (116 bytes).
    Removing stm32f3xx_hal_adc_ex.o(i.HAL_ADC_Stop_IT), (72 bytes).
    Removing stm32f3xx_hal_adc.o(.rev16_text), (4 bytes).
    Removing stm32f3xx_hal_adc.o(.revsh_text), (4 bytes).
    Removing stm32f3xx_hal_adc.o(.rrx_text), (6 bytes).
    Removing stm32f3xx_hal_adc.o(i.HAL_ADC_AnalogWDGConfig), (4 bytes).
    Removing stm32f3xx_hal_adc.o(i.HAL_ADC_ConfigChannel), (4 bytes).
    Removing stm32f3xx_hal_adc.o(i.HAL_ADC_ConvCpltCallback), (2 bytes).
    Removing stm32f3xx_hal_adc.o(i.HAL_ADC_ConvHalfCpltCallback), (2 bytes).
    Removing stm32f3xx_hal_adc.o(i.HAL_ADC_DeInit), (4 bytes).
    Removing stm32f3xx_hal_adc.o(i.HAL_ADC_ErrorCallback), (2 bytes).
    Removing stm32f3xx_hal_adc.o(i.HAL_ADC_GetError), (4 bytes).
    Removing stm32f3xx_hal_adc.o(i.HAL_ADC_GetState), (4 bytes).
    Removing stm32f3xx_hal_adc.o(i.HAL_ADC_GetValue), (6 bytes).
    Removing stm32f3xx_hal_adc.o(i.HAL_ADC_IRQHandler), (2 bytes).
    Removing stm32f3xx_hal_adc.o(i.HAL_ADC_Init), (4 bytes).
    Removing stm32f3xx_hal_adc.o(i.HAL_ADC_LevelOutOfWindowCallback), (2 bytes).
    Removing stm32f3xx_hal_adc.o(i.HAL_ADC_MspDeInit), (2 bytes).
    Removing stm32f3xx_hal_adc.o(i.HAL_ADC_MspInit), (2 bytes).
    Removing stm32f3xx_hal_adc.o(i.HAL_ADC_PollForConversion), (4 bytes).
    Removing stm32f3xx_hal_adc.o(i.HAL_ADC_PollForEvent), (4 bytes).
    Removing stm32f3xx_hal_adc.o(i.HAL_ADC_Start), (4 bytes).
    Removing stm32f3xx_hal_adc.o(i.HAL_ADC_Start_DMA), (4 bytes).
    Removing stm32f3xx_hal_adc.o(i.HAL_ADC_Start_IT), (4 bytes).
    Removing stm32f3xx_hal_adc.o(i.HAL_ADC_Stop), (4 bytes).
    Removing stm32f3xx_hal_adc.o(i.HAL_ADC_Stop_DMA), (4 bytes).
    Removing stm32f3xx_hal_adc.o(i.HAL_ADC_Stop_IT), (4 bytes).
    Removing system_stm32f3xx.o(.rev16_text), (4 bytes).
    Removing system_stm32f3xx.o(.revsh_text), (4 bytes).
    Removing system_stm32f3xx.o(.rrx_text), (6 bytes).
    Removing system_stm32f3xx.o(i.SystemCoreClockUpdate), (112 bytes).
    Removing main.o(.rev16_text), (4 bytes).
    Removing main.o(.revsh_text), (4 bytes).
    Removing main.o(.rrx_text), (6 bytes).
    Removing main.o(i._Error_Handler), (2 bytes).
    Removing main.o(i.win), (16 bytes).
    Removing main.o(.constdata), (4 bytes).
    Removing main.o(.constdata), (4 bytes).
    Removing main.o(.data), (4 bytes).
    Removing main.o(.data), (4 bytes).
    Removing main.o(.data), (4 bytes).
    Removing main.o(.data), (4 bytes).
    Removing main.o(.data), (16 bytes).
    Removing main.o(.data), (60 bytes).
    Removing main.o(.data), (48 bytes).
    Removing main.o(.data), (8 bytes).
    Removing main.o(.data), (4 bytes).
    Removing main.o(.data), (4 bytes).
    Removing stm32f3xx_hal_msp.o(.rev16_text), (4 bytes).
    Removing stm32f3xx_hal_msp.o(.revsh_text), (4 bytes).
    Removing stm32f3xx_hal_msp.o(.rrx_text), (6 bytes).
    Removing stm32f3xx_hal_msp.o(i.HAL_ADC_MspDeInit), (44 bytes).
    Removing stm32f3xx_hal_msp.o(i.HAL_I2C_MspDeInit), (40 bytes).
    Removing stm32f3xx_hal_msp.o(i.HAL_PCD_MspDeInit), (40 bytes).
    Removing stm32f3xx_hal_msp.o(i.HAL_SPI_MspDeInit), (40 bytes).
    Removing stm32f3xx_hal_msp.o(i.HAL_TIM_Base_MspDeInit), (56 bytes).
    Removing stm32f3xx_hal_msp.o(i.HAL_UART_MspDeInit), (52 bytes).
    Removing stm32f3xx_it.o(.rev16_text), (4 bytes).
    Removing stm32f3xx_it.o(.revsh_text), (4 bytes).
    Removing stm32f3xx_it.o(.rrx_text), (6 bytes).
    Removing liquidcrystal.o(.rev16_text), (4 bytes).
    Removing liquidcrystal.o(.revsh_text), (4 bytes).
    Removing liquidcrystal.o(.rrx_text), (6 bytes).
    Removing liquidcrystal.o(i.autoscroll), (24 bytes).
    Removing liquidcrystal.o(i.blink), (24 bytes).
    Removing liquidcrystal.o(i.cursor), (24 bytes).
    Removing liquidcrystal.o(i.home), (18 bytes).
    Removing liquidcrystal.o(i.leftToRight), (24 bytes).
    Removing liquidcrystal.o(i.noAutoscroll), (24 bytes).
    Removing liquidcrystal.o(i.noBlink), (24 bytes).
    Removing liquidcrystal.o(i.noCursor), (24 bytes).
    Removing liquidcrystal.o(i.noDisplay), (24 bytes).
    Removing liquidcrystal.o(i.rightToLeft), (24 bytes).
    Removing liquidcrystal.o(i.scrollDisplayLeft), (6 bytes).
    Removing liquidcrystal.o(i.scrollDisplayRight), (6 bytes).
    Removing liquidcrystal.o(.data), (1 bytes).
    Removing microdelay.o(.rev16_text), (4 bytes).
    Removing microdelay.o(.revsh_text), (4 bytes).
    Removing microdelay.o(.rrx_text), (6 bytes).

628 unused section(s) (total 47009 bytes) removed from the image.

==============================================================================

Image Symbol Table

    Local Symbols

    Symbol Name                              Value     Ov Type        Size  Object(Section)

    ../Drivers/STM32F3xx_HAL_Driver/Src/stm32f3xx_hal.c 0x00000000   Number         0  stm32f3xx_hal.o ABSOLUTE
    ../Drivers/STM32F3xx_HAL_Driver/Src/stm32f3xx_hal_adc.c 0x00000000   Number         0  stm32f3xx_hal_adc.o ABSOLUTE
    ../Drivers/STM32F3xx_HAL_Driver/Src/stm32f3xx_hal_adc_ex.c 0x00000000   Number         0  stm32f3xx_hal_adc_ex.o ABSOLUTE
    ../Drivers/STM32F3xx_HAL_Driver/Src/stm32f3xx_hal_cortex.c 0x00000000   Number         0  stm32f3xx_hal_cortex.o ABSOLUTE
    ../Drivers/STM32F3xx_HAL_Driver/Src/stm32f3xx_hal_dma.c 0x00000000   Number         0  stm32f3xx_hal_dma.o ABSOLUTE
    ../Drivers/STM32F3xx_HAL_Driver/Src/stm32f3xx_hal_flash.c 0x00000000   Number         0  stm32f3xx_hal_flash.o ABSOLUTE
    ../Drivers/STM32F3xx_HAL_Driver/Src/stm32f3xx_hal_flash_ex.c 0x00000000   Number         0  stm32f3xx_hal_flash_ex.o ABSOLUTE
    ../Drivers/STM32F3xx_HAL_Driver/Src/stm32f3xx_hal_gpio.c 0x00000000   Number         0  stm32f3xx_hal_gpio.o ABSOLUTE
    ../Drivers/STM32F3xx_HAL_Driver/Src/stm32f3xx_hal_i2c.c 0x00000000   Number         0  stm32f3xx_hal_i2c.o ABSOLUTE
    ../Drivers/STM32F3xx_HAL_Driver/Src/stm32f3xx_hal_i2c_ex.c 0x00000000   Number         0  stm32f3xx_hal_i2c_ex.o ABSOLUTE
    ../Drivers/STM32F3xx_HAL_Driver/Src/stm32f3xx_hal_pcd.c 0x00000000   Number         0  stm32f3xx_hal_pcd.o ABSOLUTE
    ../Drivers/STM32F3xx_HAL_Driver/Src/stm32f3xx_hal_pcd_ex.c 0x00000000   Number         0  stm32f3xx_hal_pcd_ex.o ABSOLUTE
    ../Drivers/STM32F3xx_HAL_Driver/Src/stm32f3xx_hal_pwr.c 0x00000000   Number         0  stm32f3xx_hal_pwr.o ABSOLUTE
    ../Drivers/STM32F3xx_HAL_Driver/Src/stm32f3xx_hal_pwr_ex.c 0x00000000   Number         0  stm32f3xx_hal_pwr_ex.o ABSOLUTE
    ../Drivers/STM32F3xx_HAL_Driver/Src/stm32f3xx_hal_rcc.c 0x00000000   Number         0  stm32f3xx_hal_rcc.o ABSOLUTE
    ../Drivers/STM32F3xx_HAL_Driver/Src/stm32f3xx_hal_rcc_ex.c 0x00000000   Number         0  stm32f3xx_hal_rcc_ex.o ABSOLUTE
    ../Drivers/STM32F3xx_HAL_Driver/Src/stm32f3xx_hal_spi.c 0x00000000   Number         0  stm32f3xx_hal_spi.o ABSOLUTE
    ../Drivers/STM32F3xx_HAL_Driver/Src/stm32f3xx_hal_spi_ex.c 0x00000000   Number         0  stm32f3xx_hal_spi_ex.o ABSOLUTE
    ../Drivers/STM32F3xx_HAL_Driver/Src/stm32f3xx_hal_tim.c 0x00000000   Number         0  stm32f3xx_hal_tim.o ABSOLUTE
    ../Drivers/STM32F3xx_HAL_Driver/Src/stm32f3xx_hal_tim_ex.c 0x00000000   Number         0  stm32f3xx_hal_tim_ex.o ABSOLUTE
    ../Drivers/STM32F3xx_HAL_Driver/Src/stm32f3xx_hal_uart.c 0x00000000   Number         0  stm32f3xx_hal_uart.o ABSOLUTE
    ../Drivers/STM32F3xx_HAL_Driver/Src/stm32f3xx_hal_uart_ex.c 0x00000000   Number         0  stm32f3xx_hal_uart_ex.o ABSOLUTE
    ../Src/main.c                            0x00000000   Number         0  main.o ABSOLUTE
    ../Src/stm32f3xx_hal_msp.c               0x00000000   Number         0  stm32f3xx_hal_msp.o ABSOLUTE
    ../Src/stm32f3xx_it.c                    0x00000000   Number         0  stm32f3xx_it.o ABSOLUTE
    ../Src/system_stm32f3xx.c                0x00000000   Number         0  system_stm32f3xx.o ABSOLUTE
    ../clib/microlib/init/entry.s            0x00000000   Number         0  entry10b.o ABSOLUTE
    ../clib/microlib/init/entry.s            0x00000000   Number         0  entry10a.o ABSOLUTE
    ../clib/microlib/init/entry.s            0x00000000   Number         0  entry9b.o ABSOLUTE
    ../clib/microlib/init/entry.s            0x00000000   Number         0  entry9a.o ABSOLUTE
    ../clib/microlib/init/entry.s            0x00000000   Number         0  entry8b.o ABSOLUTE
    ../clib/microlib/init/entry.s            0x00000000   Number         0  entry8a.o ABSOLUTE
    ../clib/microlib/init/entry.s            0x00000000   Number         0  entry7b.o ABSOLUTE
    ../clib/microlib/init/entry.s            0x00000000   Number         0  entry7a.o ABSOLUTE
    ../clib/microlib/init/entry.s            0x00000000   Number         0  entry5.o ABSOLUTE
    ../clib/microlib/init/entry.s            0x00000000   Number         0  entry2.o ABSOLUTE
    ../clib/microlib/init/entry.s            0x00000000   Number         0  entry.o ABSOLUTE
    ../clib/microlib/init/entry.s            0x00000000   Number         0  entry11b.o ABSOLUTE
    ../clib/microlib/init/entry.s            0x00000000   Number         0  entry11a.o ABSOLUTE
    ../clib/microlib/longlong.c              0x00000000   Number         0  llushr.o ABSOLUTE
    ../clib/microlib/string/memcpy.c         0x00000000   Number         0  memcpya.o ABSOLUTE
    ../clib/microlib/string/memcpy.c         0x00000000   Number         0  memcpyb.o ABSOLUTE
    ../clib/microlib/string/memset.c         0x00000000   Number         0  memseta.o ABSOLUTE
    ../clib/microlib/string/strlen.c         0x00000000   Number         0  strlen.o ABSOLUTE
    ..\Drivers\STM32F3xx_HAL_Driver\Src\stm32f3xx_hal.c 0x00000000   Number         0  stm32f3xx_hal.o ABSOLUTE
    ..\Drivers\STM32F3xx_HAL_Driver\Src\stm32f3xx_hal_adc.c 0x00000000   Number         0  stm32f3xx_hal_adc.o ABSOLUTE
    ..\Drivers\STM32F3xx_HAL_Driver\Src\stm32f3xx_hal_adc_ex.c 0x00000000   Number         0  stm32f3xx_hal_adc_ex.o ABSOLUTE
    ..\Drivers\STM32F3xx_HAL_Driver\Src\stm32f3xx_hal_cortex.c 0x00000000   Number         0  stm32f3xx_hal_cortex.o ABSOLUTE
    ..\Drivers\STM32F3xx_HAL_Driver\Src\stm32f3xx_hal_dma.c 0x00000000   Number         0  stm32f3xx_hal_dma.o ABSOLUTE
    ..\Drivers\STM32F3xx_HAL_Driver\Src\stm32f3xx_hal_flash.c 0x00000000   Number         0  stm32f3xx_hal_flash.o ABSOLUTE
    ..\Drivers\STM32F3xx_HAL_Driver\Src\stm32f3xx_hal_flash_ex.c 0x00000000   Number         0  stm32f3xx_hal_flash_ex.o ABSOLUTE
    ..\Drivers\STM32F3xx_HAL_Driver\Src\stm32f3xx_hal_gpio.c 0x00000000   Number         0  stm32f3xx_hal_gpio.o ABSOLUTE
    ..\Drivers\STM32F3xx_HAL_Driver\Src\stm32f3xx_hal_i2c.c 0x00000000   Number         0  stm32f3xx_hal_i2c.o ABSOLUTE
    ..\Drivers\STM32F3xx_HAL_Driver\Src\stm32f3xx_hal_i2c_ex.c 0x00000000   Number         0  stm32f3xx_hal_i2c_ex.o ABSOLUTE
    ..\Drivers\STM32F3xx_HAL_Driver\Src\stm32f3xx_hal_pcd.c 0x00000000   Number         0  stm32f3xx_hal_pcd.o ABSOLUTE
    ..\Drivers\STM32F3xx_HAL_Driver\Src\stm32f3xx_hal_pcd_ex.c 0x00000000   Number         0  stm32f3xx_hal_pcd_ex.o ABSOLUTE
    ..\Drivers\STM32F3xx_HAL_Driver\Src\stm32f3xx_hal_pwr.c 0x00000000   Number         0  stm32f3xx_hal_pwr.o ABSOLUTE
    ..\Drivers\STM32F3xx_HAL_Driver\Src\stm32f3xx_hal_pwr_ex.c 0x00000000   Number         0  stm32f3xx_hal_pwr_ex.o ABSOLUTE
    ..\Drivers\STM32F3xx_HAL_Driver\Src\stm32f3xx_hal_rcc.c 0x00000000   Number         0  stm32f3xx_hal_rcc.o ABSOLUTE
    ..\Drivers\STM32F3xx_HAL_Driver\Src\stm32f3xx_hal_rcc_ex.c 0x00000000   Number         0  stm32f3xx_hal_rcc_ex.o ABSOLUTE
    ..\Drivers\STM32F3xx_HAL_Driver\Src\stm32f3xx_hal_spi.c 0x00000000   Number         0  stm32f3xx_hal_spi.o ABSOLUTE
    ..\Drivers\STM32F3xx_HAL_Driver\Src\stm32f3xx_hal_spi_ex.c 0x00000000   Number         0  stm32f3xx_hal_spi_ex.o ABSOLUTE
    ..\Drivers\STM32F3xx_HAL_Driver\Src\stm32f3xx_hal_tim.c 0x00000000   Number         0  stm32f3xx_hal_tim.o ABSOLUTE
    ..\Drivers\STM32F3xx_HAL_Driver\Src\stm32f3xx_hal_tim_ex.c 0x00000000   Number         0  stm32f3xx_hal_tim_ex.o ABSOLUTE
    ..\Drivers\STM32F3xx_HAL_Driver\Src\stm32f3xx_hal_uart.c 0x00000000   Number         0  stm32f3xx_hal_uart.o ABSOLUTE
    ..\Drivers\STM32F3xx_HAL_Driver\Src\stm32f3xx_hal_uart_ex.c 0x00000000   Number         0  stm32f3xx_hal_uart_ex.o ABSOLUTE
    ..\Src\LiquidCrystal.c                   0x00000000   Number         0  liquidcrystal.o ABSOLUTE
    ..\Src\main.c                            0x00000000   Number         0  main.o ABSOLUTE
    ..\Src\microdelay.c                      0x00000000   Number         0  microdelay.o ABSOLUTE
    ..\Src\stm32f3xx_hal_msp.c               0x00000000   Number         0  stm32f3xx_hal_msp.o ABSOLUTE
    ..\Src\stm32f3xx_it.c                    0x00000000   Number         0  stm32f3xx_it.o ABSOLUTE
    ..\Src\system_stm32f3xx.c                0x00000000   Number         0  system_stm32f3xx.o ABSOLUTE
    ..\\Src\\LiquidCrystal.c                 0x00000000   Number         0  liquidcrystal.o ABSOLUTE
    ..\\Src\\microdelay.c                    0x00000000   Number         0  microdelay.o ABSOLUTE
    dc.s                                     0x00000000   Number         0  dc.o ABSOLUTE
    handlers.s                               0x00000000   Number         0  handlers.o ABSOLUTE
    init.s                                   0x00000000   Number         0  init.o ABSOLUTE
    startup_stm32f303xc.s                    0x00000000   Number         0  startup_stm32f303xc.o ABSOLUTE
    RESET                                    0x08000000   Section      392  startup_stm32f303xc.o(RESET)
    .ARM.Collect$$$$00000000                 0x08000188   Section        0  entry.o(.ARM.Collect$$$$00000000)
    .ARM.Collect$$$$00000001                 0x08000188   Section        4  entry2.o(.ARM.Collect$$$$00000001)
    .ARM.Collect$$$$00000004                 0x0800018c   Section        4  entry5.o(.ARM.Collect$$$$00000004)
    .ARM.Collect$$$$00000008                 0x08000190   Section        0  entry7b.o(.ARM.Collect$$$$00000008)
    .ARM.Collect$$$$0000000A                 0x08000190   Section        0  entry8b.o(.ARM.Collect$$$$0000000A)
    .ARM.Collect$$$$0000000B                 0x08000190   Section        8  entry9a.o(.ARM.Collect$$$$0000000B)
    .ARM.Collect$$$$0000000D                 0x08000198   Section        0  entry10a.o(.ARM.Collect$$$$0000000D)
    .ARM.Collect$$$$0000000F                 0x08000198   Section        0  entry11a.o(.ARM.Collect$$$$0000000F)
    .ARM.Collect$$$$00002712                 0x08000198   Section        4  entry2.o(.ARM.Collect$$$$00002712)
    __lit__00000000                          0x08000198   Data           4  entry2.o(.ARM.Collect$$$$00002712)
    .text                                    0x0800019c   Section       36  startup_stm32f303xc.o(.text)
    $v0                                      0x0800019c   Number         0  startup_stm32f303xc.o(.text)
    .text                                    0x080001c0   Section        0  memcpya.o(.text)
    .text                                    0x080001e4   Section        0  memseta.o(.text)
    .text                                    0x08000208   Section        0  strlen.o(.text)
    .text                                    0x08000218   Section       36  init.o(.text)
    i.ADC_Disable                            0x0800023c   Section        0  stm32f3xx_hal_adc_ex.o(i.ADC_Disable)
    ADC_Disable                              0x0800023d   Thumb Code    98  stm32f3xx_hal_adc_ex.o(i.ADC_Disable)
    i.ADC_Enable                             0x080002a0   Section        0  stm32f3xx_hal_adc_ex.o(i.ADC_Enable)
    ADC_Enable                               0x080002a1   Thumb Code    92  stm32f3xx_hal_adc_ex.o(i.ADC_Enable)
    i.EXTI0_IRQHandler                       0x08000300   Section        0  stm32f3xx_it.o(i.EXTI0_IRQHandler)
    i.EXTI1_IRQHandler                       0x08000306   Section        0  stm32f3xx_it.o(i.EXTI1_IRQHandler)
    i.EXTI2_TSC_IRQHandler                   0x0800030c   Section        0  stm32f3xx_it.o(i.EXTI2_TSC_IRQHandler)
    i.EXTI3_IRQHandler                       0x08000312   Section        0  stm32f3xx_it.o(i.EXTI3_IRQHandler)
    i.HAL_ADCEx_MultiModeConfigChannel       0x08000318   Section        0  stm32f3xx_hal_adc_ex.o(i.HAL_ADCEx_MultiModeConfigChannel)
    i.HAL_ADC_ConfigChannel                  0x0800042c   Section        0  stm32f3xx_hal_adc_ex.o(i.HAL_ADC_ConfigChannel)
    i.HAL_ADC_GetValue                       0x080007c0   Section        0  stm32f3xx_hal_adc_ex.o(i.HAL_ADC_GetValue)
    i.HAL_ADC_Init                           0x080007c8   Section        0  stm32f3xx_hal_adc_ex.o(i.HAL_ADC_Init)
    i.HAL_ADC_MspInit                        0x08000a10   Section        0  stm32f3xx_hal_msp.o(i.HAL_ADC_MspInit)
    i.HAL_ADC_Start                          0x08000a90   Section        0  stm32f3xx_hal_adc_ex.o(i.HAL_ADC_Start)
    i.HAL_DMA_Abort_IT                       0x08000be0   Section        0  stm32f3xx_hal_dma.o(i.HAL_DMA_Abort_IT)
    i.HAL_Delay                              0x08000c2c   Section        0  stm32f3xx_hal.o(i.HAL_Delay)
    i.HAL_GPIO_EXTI_Callback                 0x08000c50   Section        0  main.o(i.HAL_GPIO_EXTI_Callback)
    i.HAL_GPIO_EXTI_IRQHandler               0x08000d34   Section        0  stm32f3xx_hal_gpio.o(i.HAL_GPIO_EXTI_IRQHandler)
    i.HAL_GPIO_Init                          0x08000d4c   Section        0  stm32f3xx_hal_gpio.o(i.HAL_GPIO_Init)
    i.HAL_GPIO_ReadPin                       0x08000ed4   Section        0  stm32f3xx_hal_gpio.o(i.HAL_GPIO_ReadPin)
    i.HAL_GPIO_TogglePin                     0x08000ede   Section        0  stm32f3xx_hal_gpio.o(i.HAL_GPIO_TogglePin)
    i.HAL_GPIO_WritePin                      0x08000ee6   Section        0  stm32f3xx_hal_gpio.o(i.HAL_GPIO_WritePin)
    i.HAL_GetTick                            0x08000ef0   Section        0  stm32f3xx_hal.o(i.HAL_GetTick)
    i.HAL_I2CEx_ConfigAnalogFilter           0x08000efc   Section        0  stm32f3xx_hal_i2c_ex.o(i.HAL_I2CEx_ConfigAnalogFilter)
    i.HAL_I2CEx_ConfigDigitalFilter          0x08000f52   Section        0  stm32f3xx_hal_i2c_ex.o(i.HAL_I2CEx_ConfigDigitalFilter)
    i.HAL_I2C_Init                           0x08000fa4   Section        0  stm32f3xx_hal_i2c.o(i.HAL_I2C_Init)
    i.HAL_I2C_MspInit                        0x0800105c   Section        0  stm32f3xx_hal_msp.o(i.HAL_I2C_MspInit)
    i.HAL_IncTick                            0x080010a8   Section        0  stm32f3xx_hal.o(i.HAL_IncTick)
    i.HAL_Init                               0x080010b8   Section        0  stm32f3xx_hal.o(i.HAL_Init)
    i.HAL_InitTick                           0x080010dc   Section        0  stm32f3xx_hal.o(i.HAL_InitTick)
    i.HAL_MspInit                            0x0800111c   Section        0  stm32f3xx_hal_msp.o(i.HAL_MspInit)
    i.HAL_NVIC_EnableIRQ                     0x0800118c   Section        0  stm32f3xx_hal_cortex.o(i.HAL_NVIC_EnableIRQ)
    i.HAL_NVIC_SetPriority                   0x080011a4   Section        0  stm32f3xx_hal_cortex.o(i.HAL_NVIC_SetPriority)
    i.HAL_NVIC_SetPriorityGrouping           0x080011e4   Section        0  stm32f3xx_hal_cortex.o(i.HAL_NVIC_SetPriorityGrouping)
    i.HAL_PCD_Init                           0x08001208   Section        0  stm32f3xx_hal_pcd.o(i.HAL_PCD_Init)
    i.HAL_PCD_MspInit                        0x080012b0   Section        0  stm32f3xx_hal_msp.o(i.HAL_PCD_MspInit)
    i.HAL_RCCEx_PeriphCLKConfig              0x080012fc   Section        0  stm32f3xx_hal_rcc_ex.o(i.HAL_RCCEx_PeriphCLKConfig)
    i.HAL_RCC_ClockConfig                    0x08001514   Section        0  stm32f3xx_hal_rcc.o(i.HAL_RCC_ClockConfig)
    i.HAL_RCC_GetHCLKFreq                    0x0800169c   Section        0  stm32f3xx_hal_rcc.o(i.HAL_RCC_GetHCLKFreq)
    i.HAL_RCC_GetPCLK1Freq                   0x080016a8   Section        0  stm32f3xx_hal_rcc.o(i.HAL_RCC_GetPCLK1Freq)
    i.HAL_RCC_GetPCLK2Freq                   0x080016d8   Section        0  stm32f3xx_hal_rcc.o(i.HAL_RCC_GetPCLK2Freq)
    i.HAL_RCC_GetSysClockFreq                0x08001708   Section        0  stm32f3xx_hal_rcc.o(i.HAL_RCC_GetSysClockFreq)
    i.HAL_RCC_OscConfig                      0x0800176c   Section        0  stm32f3xx_hal_rcc.o(i.HAL_RCC_OscConfig)
    i.HAL_SPI_Init                           0x08001d18   Section        0  stm32f3xx_hal_spi.o(i.HAL_SPI_Init)
    i.HAL_SPI_MspInit                        0x08001dd0   Section        0  stm32f3xx_hal_msp.o(i.HAL_SPI_MspInit)
    i.HAL_SYSTICK_CLKSourceConfig            0x08001e18   Section        0  stm32f3xx_hal_cortex.o(i.HAL_SYSTICK_CLKSourceConfig)
    i.HAL_SYSTICK_Callback                   0x08001e30   Section        0  stm32f3xx_hal_cortex.o(i.HAL_SYSTICK_Callback)
    i.HAL_SYSTICK_Config                     0x08001e32   Section        0  stm32f3xx_hal_cortex.o(i.HAL_SYSTICK_Config)
    i.HAL_SYSTICK_IRQHandler                 0x08001e5a   Section        0  stm32f3xx_hal_cortex.o(i.HAL_SYSTICK_IRQHandler)
    i.HAL_TIMEx_Break2Callback               0x08001e62   Section        0  stm32f3xx_hal_tim_ex.o(i.HAL_TIMEx_Break2Callback)
    i.HAL_TIMEx_BreakCallback                0x08001e64   Section        0  stm32f3xx_hal_tim_ex.o(i.HAL_TIMEx_BreakCallback)
    i.HAL_TIMEx_CommutationCallback          0x08001e66   Section        0  stm32f3xx_hal_tim_ex.o(i.HAL_TIMEx_CommutationCallback)
    i.HAL_TIMEx_MasterConfigSynchronization  0x08001e68   Section        0  stm32f3xx_hal_tim_ex.o(i.HAL_TIMEx_MasterConfigSynchronization)
    i.HAL_TIM_Base_Init                      0x08001ec0   Section        0  stm32f3xx_hal_tim.o(i.HAL_TIM_Base_Init)
    i.HAL_TIM_Base_MspInit                   0x08001ef8   Section        0  stm32f3xx_hal_msp.o(i.HAL_TIM_Base_MspInit)
    i.HAL_TIM_Base_Start_IT                  0x08001f58   Section        0  stm32f3xx_hal_tim.o(i.HAL_TIM_Base_Start_IT)
    i.HAL_TIM_ConfigClockSource              0x08001f70   Section        0  stm32f3xx_hal_tim.o(i.HAL_TIM_ConfigClockSource)
    i.HAL_TIM_IC_CaptureCallback             0x0800206c   Section        0  stm32f3xx_hal_tim.o(i.HAL_TIM_IC_CaptureCallback)
    i.HAL_TIM_IRQHandler                     0x0800206e   Section        0  stm32f3xx_hal_tim.o(i.HAL_TIM_IRQHandler)
    i.HAL_TIM_OC_DelayElapsedCallback        0x080021f2   Section        0  stm32f3xx_hal_tim.o(i.HAL_TIM_OC_DelayElapsedCallback)
    i.HAL_TIM_PWM_PulseFinishedCallback      0x080021f4   Section        0  stm32f3xx_hal_tim.o(i.HAL_TIM_PWM_PulseFinishedCallback)
    i.HAL_TIM_PeriodElapsedCallback          0x080021f6   Section        0  stm32f3xx_hal_tim.o(i.HAL_TIM_PeriodElapsedCallback)
    i.HAL_TIM_TriggerCallback                0x080021f8   Section        0  stm32f3xx_hal_tim.o(i.HAL_TIM_TriggerCallback)
    i.HAL_UARTEx_WakeupCallback              0x080021fa   Section        0  stm32f3xx_hal_uart_ex.o(i.HAL_UARTEx_WakeupCallback)
    i.HAL_UART_ErrorCallback                 0x080021fc   Section        0  stm32f3xx_hal_uart.o(i.HAL_UART_ErrorCallback)
    i.HAL_UART_IRQHandler                    0x08002200   Section        0  stm32f3xx_hal_uart.o(i.HAL_UART_IRQHandler)
    i.HAL_UART_Init                          0x08002340   Section        0  stm32f3xx_hal_uart.o(i.HAL_UART_Init)
    i.HAL_UART_MspInit                       0x080023ac   Section        0  stm32f3xx_hal_msp.o(i.HAL_UART_MspInit)
    i.HAL_UART_Receive_IT                    0x08002404   Section        0  stm32f3xx_hal_uart.o(i.HAL_UART_Receive_IT)
    i.HAL_UART_RxCpltCallback                0x08002480   Section        0  main.o(i.HAL_UART_RxCpltCallback)
    i.HAL_UART_Transmit                      0x080024e8   Section        0  stm32f3xx_hal_uart.o(i.HAL_UART_Transmit)
    i.HAL_UART_TxCpltCallback                0x0800259c   Section        0  stm32f3xx_hal_uart.o(i.HAL_UART_TxCpltCallback)
    i.LiquidCrystal                          0x080025a0   Section        0  liquidcrystal.o(i.LiquidCrystal)
    i.MX_ADC1_Init                           0x080025e8   Section        0  main.o(i.MX_ADC1_Init)
    MX_ADC1_Init                             0x080025e9   Thumb Code   102  main.o(i.MX_ADC1_Init)
    i.MX_ADC2_Init                           0x08002654   Section        0  main.o(i.MX_ADC2_Init)
    MX_ADC2_Init                             0x08002655   Thumb Code    82  main.o(i.MX_ADC2_Init)
    i.MX_GPIO_Init                           0x080026b0   Section        0  main.o(i.MX_GPIO_Init)
    MX_GPIO_Init                             0x080026b1   Thumb Code   468  main.o(i.MX_GPIO_Init)
    i.MX_I2C1_Init                           0x080028a4   Section        0  main.o(i.MX_I2C1_Init)
    MX_I2C1_Init                             0x080028a5   Thumb Code    66  main.o(i.MX_I2C1_Init)
    i.MX_SPI1_Init                           0x080028f4   Section        0  main.o(i.MX_SPI1_Init)
    MX_SPI1_Init                             0x080028f5   Thumb Code    64  main.o(i.MX_SPI1_Init)
    i.MX_TIM2_Init                           0x0800293c   Section        0  main.o(i.MX_TIM2_Init)
    MX_TIM2_Init                             0x0800293d   Thumb Code    80  main.o(i.MX_TIM2_Init)
    i.MX_TIM4_Init                           0x08002990   Section        0  main.o(i.MX_TIM4_Init)
    MX_TIM4_Init                             0x08002991   Thumb Code    74  main.o(i.MX_TIM4_Init)
    i.MX_USART2_UART_Init                    0x080029e4   Section        0  main.o(i.MX_USART2_UART_Init)
    MX_USART2_UART_Init                      0x080029e5   Thumb Code    54  main.o(i.MX_USART2_UART_Init)
    i.NVIC_SetPriority                       0x08002a24   Section        0  stm32f3xx_hal_cortex.o(i.NVIC_SetPriority)
    NVIC_SetPriority                         0x08002a25   Thumb Code    32  stm32f3xx_hal_cortex.o(i.NVIC_SetPriority)
    i.PendSV_Handler                         0x08002a44   Section        0  stm32f3xx_it.o(i.PendSV_Handler)
    i.SVC_Handler                            0x08002a46   Section        0  stm32f3xx_it.o(i.SVC_Handler)
    i.SysTick_Handler                        0x08002a48   Section        0  stm32f3xx_it.o(i.SysTick_Handler)
    i.SystemClock_Config                     0x08002a58   Section        0  main.o(i.SystemClock_Config)
    i.SystemInit                             0x08002ae8   Section        0  system_stm32f3xx.o(i.SystemInit)
    i.TIM2_IRQHandler                        0x08002b50   Section        0  stm32f3xx_it.o(i.TIM2_IRQHandler)
    i.TIM4_IRQHandler                        0x08002b64   Section        0  stm32f3xx_it.o(i.TIM4_IRQHandler)
    i.TIM_Base_SetConfig                     0x08002b80   Section        0  stm32f3xx_hal_tim.o(i.TIM_Base_SetConfig)
    i.TIM_ETR_SetConfig                      0x08002c30   Section        0  stm32f3xx_hal_tim.o(i.TIM_ETR_SetConfig)
    i.TIM_ITRx_SetConfig                     0x08002c44   Section        0  stm32f3xx_hal_tim.o(i.TIM_ITRx_SetConfig)
    TIM_ITRx_SetConfig                       0x08002c45   Thumb Code    16  stm32f3xx_hal_tim.o(i.TIM_ITRx_SetConfig)
    i.TIM_TI1_ConfigInputStage               0x08002c54   Section        0  stm32f3xx_hal_tim.o(i.TIM_TI1_ConfigInputStage)
    TIM_TI1_ConfigInputStage                 0x08002c55   Thumb Code    34  stm32f3xx_hal_tim.o(i.TIM_TI1_ConfigInputStage)
    i.TIM_TI2_ConfigInputStage               0x08002c76   Section        0  stm32f3xx_hal_tim.o(i.TIM_TI2_ConfigInputStage)
    TIM_TI2_ConfigInputStage                 0x08002c77   Thumb Code    36  stm32f3xx_hal_tim.o(i.TIM_TI2_ConfigInputStage)
    i.UART_AdvFeatureConfig                  0x08002c9a   Section        0  stm32f3xx_hal_uart.o(i.UART_AdvFeatureConfig)
    i.UART_CheckIdleState                    0x08002d62   Section        0  stm32f3xx_hal_uart.o(i.UART_CheckIdleState)
    i.UART_DMAAbortOnError                   0x08002dbe   Section        0  stm32f3xx_hal_uart.o(i.UART_DMAAbortOnError)
    UART_DMAAbortOnError                     0x08002dbf   Thumb Code    20  stm32f3xx_hal_uart.o(i.UART_DMAAbortOnError)
    i.UART_EndRxTransfer                     0x08002dd2   Section        0  stm32f3xx_hal_uart.o(i.UART_EndRxTransfer)
    UART_EndRxTransfer                       0x08002dd3   Thumb Code    28  stm32f3xx_hal_uart.o(i.UART_EndRxTransfer)
    i.UART_EndTransmit_IT                    0x08002dee   Section        0  stm32f3xx_hal_uart.o(i.UART_EndTransmit_IT)
    i.UART_Receive_IT                        0x08002e08   Section        0  stm32f3xx_hal_uart.o(i.UART_Receive_IT)
    i.UART_SetConfig                         0x08002e80   Section        0  stm32f3xx_hal_uart.o(i.UART_SetConfig)
    i.UART_Transmit_IT                       0x08003054   Section        0  stm32f3xx_hal_uart.o(i.UART_Transmit_IT)
    i.UART_WaitOnFlagUntilTimeout            0x080030b8   Section        0  stm32f3xx_hal_uart.o(i.UART_WaitOnFlagUntilTimeout)
    i.USART2_IRQHandler                      0x0800311c   Section        0  stm32f3xx_it.o(i.USART2_IRQHandler)
    i.__scatterload_copy                     0x08003128   Section       14  handlers.o(i.__scatterload_copy)
    i.__scatterload_null                     0x08003136   Section        2  handlers.o(i.__scatterload_null)
    i.__scatterload_zeroinit                 0x08003138   Section       14  handlers.o(i.__scatterload_zeroinit)
    i.accelerate                             0x08003148   Section        0  main.o(i.accelerate)
    i.begin                                  0x080031dc   Section        0  liquidcrystal.o(i.begin)
    i.blinker                                0x08003314   Section        0  main.o(i.blinker)
    i.blueButton                             0x080033bc   Section        0  main.o(i.blueButton)
    i.clear                                  0x08003418   Section        0  liquidcrystal.o(i.clear)
    i.command                                0x0800342a   Section        0  liquidcrystal.o(i.command)
    i.createChar                             0x08003430   Section        0  liquidcrystal.o(i.createChar)
    i.display                                0x08003454   Section        0  liquidcrystal.o(i.display)
    i.drawAirplane                           0x0800346c   Section        0  main.o(i.drawAirplane)
    i.enableClock                            0x08003500   Section        0  liquidcrystal.o(i.enableClock)
    i.fall                                   0x080035ac   Section        0  main.o(i.fall)
    i.gameOver                               0x08003620   Section        0  main.o(i.gameOver)
    i.generateMap                            0x08003630   Section        0  main.o(i.generateMap)
    i.init                                   0x08003738   Section        0  liquidcrystal.o(i.init)
    i.init_DWT                               0x08003788   Section        0  microdelay.o(i.init_DWT)
    i.main                                   0x080037c8   Section        0  main.o(i.main)
    i.myrand                                 0x080038bc   Section        0  main.o(i.myrand)
    i.onCharPressed                          0x080038d4   Section        0  main.o(i.onCharPressed)
    i.onFrame                                0x0800397c   Section        0  main.o(i.onFrame)
    i.onRefresh                              0x080039d0   Section        0  main.o(i.onRefresh)
    i.print                                  0x08003a90   Section        0  liquidcrystal.o(i.print)
    i.printMenu                              0x08003ab8   Section        0  main.o(i.printMenu)
    i.pulseEnable                            0x08003b80   Section        0  liquidcrystal.o(i.pulseEnable)
    i.removeAirplane                         0x08003bbc   Section        0  main.o(i.removeAirplane)
    i.send                                   0x08003be0   Section        0  liquidcrystal.o(i.send)
    i.setCursor                              0x08003c24   Section        0  liquidcrystal.o(i.setCursor)
    i.setFuel                                0x08003c4c   Section        0  main.o(i.setFuel)
    i.setNumber                              0x08003cb4   Section        0  main.o(i.setNumber)
    i.setRowOffsets                          0x08003d40   Section        0  liquidcrystal.o(i.setRowOffsets)
    i.setup                                  0x08003d54   Section        0  main.o(i.setup)
    i.show                                   0x08003d98   Section        0  main.o(i.show)
    i.showAboutUs                            0x08003e0c   Section        0  main.o(i.showAboutUs)
    i.startBlinker                           0x08003e54   Section        0  main.o(i.startBlinker)
    i.usDelay                                0x08003e70   Section        0  microdelay.o(i.usDelay)
    i.write                                  0x08003e9c   Section        0  liquidcrystal.o(i.write)
    i.write4bits                             0x08003ea8   Section        0  liquidcrystal.o(i.write4bits)
    i.write8bits                             0x08003edc   Section        0  liquidcrystal.o(i.write8bits)
    .constdata                               0x08003f10   Section       32  stm32f3xx_hal_rcc.o(.constdata)
    .constdata                               0x08003f30   Section       16  system_stm32f3xx.o(.constdata)
    .constdata                               0x08003f40   Section        8  system_stm32f3xx.o(.constdata)
    .data                                    0x20000000   Section       12  stm32f3xx_hal.o(.data)
    .data                                    0x2000000c   Section        4  system_stm32f3xx.o(.data)
    .data                                    0x20000010   Section      252  main.o(.data)
    .data                                    0x2000010c   Section        4  stm32f3xx_hal_msp.o(.data)
    HAL_RCC_ADC12_CLK_ENABLED                0x2000010c   Data           4  stm32f3xx_hal_msp.o(.data)
    .data                                    0x20000110   Section       20  liquidcrystal.o(.data)
    .bss                                     0x20000124   Section     2220  main.o(.bss)
    .bss                                     0x200009d0   Section       16  liquidcrystal.o(.bss)
    STACK                                    0x200009e0   Section     1024  startup_stm32f303xc.o(STACK)

    Global Symbols

    Symbol Name                              Value     Ov Type        Size  Object(Section)

    BuildAttributes$$THM_ISAv4$E$P$D$K$B$S$7EM$VFPi3$EXTD16$VFPS$VFMA$PE$A:L22UL41UL21$X:L11$S22US41US21$IEEE1$IW$USESV6$~STKCKD$USESV7$~SHL$OSPACE$EBA8$MICROLIB$REQ8$PRES8$EABIv2 0x00000000   Number         0  anon$$obj.o ABSOLUTE
    __ARM_use_no_argv                        0x00000000   Number         0  main.o ABSOLUTE
    __cpp_initialize__aeabi_                  - Undefined Weak Reference
    __cxa_finalize                            - Undefined Weak Reference
    __decompress                              - Undefined Weak Reference
    _clock_init                               - Undefined Weak Reference
    _microlib_exit                            - Undefined Weak Reference
    __Vectors_Size                           0x00000188   Number         0  startup_stm32f303xc.o ABSOLUTE
    __Vectors                                0x08000000   Data           4  startup_stm32f303xc.o(RESET)
    __Vectors_End                            0x08000188   Data           0  startup_stm32f303xc.o(RESET)
    __main                                   0x08000189   Thumb Code     0  entry.o(.ARM.Collect$$$$00000000)
    _main_stk                                0x08000189   Thumb Code     0  entry2.o(.ARM.Collect$$$$00000001)
    _main_scatterload                        0x0800018d   Thumb Code     0  entry5.o(.ARM.Collect$$$$00000004)
    __main_after_scatterload                 0x08000191   Thumb Code     0  entry5.o(.ARM.Collect$$$$00000004)
    _main_clock                              0x08000191   Thumb Code     0  entry7b.o(.ARM.Collect$$$$00000008)
    _main_cpp_init                           0x08000191   Thumb Code     0  entry8b.o(.ARM.Collect$$$$0000000A)
    _main_init                               0x08000191   Thumb Code     0  entry9a.o(.ARM.Collect$$$$0000000B)
    __rt_final_cpp                           0x08000199   Thumb Code     0  entry10a.o(.ARM.Collect$$$$0000000D)
    __rt_final_exit                          0x08000199   Thumb Code     0  entry11a.o(.ARM.Collect$$$$0000000F)
    Reset_Handler                            0x0800019d   Thumb Code     8  startup_stm32f303xc.o(.text)
    NMI_Handler                              0x080001a5   Thumb Code     2  startup_stm32f303xc.o(.text)
    HardFault_Handler                        0x080001a7   Thumb Code     2  startup_stm32f303xc.o(.text)
    MemManage_Handler                        0x080001a9   Thumb Code     2  startup_stm32f303xc.o(.text)
    BusFault_Handler                         0x080001ab   Thumb Code     2  startup_stm32f303xc.o(.text)
    UsageFault_Handler                       0x080001ad   Thumb Code     2  startup_stm32f303xc.o(.text)
    DebugMon_Handler                         0x080001b1   Thumb Code     2  startup_stm32f303xc.o(.text)
    ADC1_2_IRQHandler                        0x080001b7   Thumb Code     0  startup_stm32f303xc.o(.text)
    ADC3_IRQHandler                          0x080001b7   Thumb Code     0  startup_stm32f303xc.o(.text)
    ADC4_IRQHandler                          0x080001b7   Thumb Code     0  startup_stm32f303xc.o(.text)
    CAN_RX1_IRQHandler                       0x080001b7   Thumb Code     0  startup_stm32f303xc.o(.text)
    CAN_SCE_IRQHandler                       0x080001b7   Thumb Code     0  startup_stm32f303xc.o(.text)
    COMP1_2_3_IRQHandler                     0x080001b7   Thumb Code     0  startup_stm32f303xc.o(.text)
    COMP4_5_6_IRQHandler                     0x080001b7   Thumb Code     0  startup_stm32f303xc.o(.text)
    COMP7_IRQHandler                         0x080001b7   Thumb Code     0  startup_stm32f303xc.o(.text)
    DMA1_Channel1_IRQHandler                 0x080001b7   Thumb Code     0  startup_stm32f303xc.o(.text)
    DMA1_Channel2_IRQHandler                 0x080001b7   Thumb Code     0  startup_stm32f303xc.o(.text)
    DMA1_Channel3_IRQHandler                 0x080001b7   Thumb Code     0  startup_stm32f303xc.o(.text)
    DMA1_Channel4_IRQHandler                 0x080001b7   Thumb Code     0  startup_stm32f303xc.o(.text)
    DMA1_Channel5_IRQHandler                 0x080001b7   Thumb Code     0  startup_stm32f303xc.o(.text)
    DMA1_Channel6_IRQHandler                 0x080001b7   Thumb Code     0  startup_stm32f303xc.o(.text)
    DMA1_Channel7_IRQHandler                 0x080001b7   Thumb Code     0  startup_stm32f303xc.o(.text)
    DMA2_Channel1_IRQHandler                 0x080001b7   Thumb Code     0  startup_stm32f303xc.o(.text)
    DMA2_Channel2_IRQHandler                 0x080001b7   Thumb Code     0  startup_stm32f303xc.o(.text)
    DMA2_Channel3_IRQHandler                 0x080001b7   Thumb Code     0  startup_stm32f303xc.o(.text)
    DMA2_Channel4_IRQHandler                 0x080001b7   Thumb Code     0  startup_stm32f303xc.o(.text)
    DMA2_Channel5_IRQHandler                 0x080001b7   Thumb Code     0  startup_stm32f303xc.o(.text)
    EXTI15_10_IRQHandler                     0x080001b7   Thumb Code     0  startup_stm32f303xc.o(.text)
    EXTI4_IRQHandler                         0x080001b7   Thumb Code     0  startup_stm32f303xc.o(.text)
    EXTI9_5_IRQHandler                       0x080001b7   Thumb Code     0  startup_stm32f303xc.o(.text)
    FLASH_IRQHandler                         0x080001b7   Thumb Code     0  startup_stm32f303xc.o(.text)
    FPU_IRQHandler                           0x080001b7   Thumb Code     0  startup_stm32f303xc.o(.text)
    I2C1_ER_IRQHandler                       0x080001b7   Thumb Code     0  startup_stm32f303xc.o(.text)
    I2C1_EV_IRQHandler                       0x080001b7   Thumb Code     0  startup_stm32f303xc.o(.text)
    I2C2_ER_IRQHandler                       0x080001b7   Thumb Code     0  startup_stm32f303xc.o(.text)
    I2C2_EV_IRQHandler                       0x080001b7   Thumb Code     0  startup_stm32f303xc.o(.text)
    PVD_IRQHandler                           0x080001b7   Thumb Code     0  startup_stm32f303xc.o(.text)
    RCC_IRQHandler                           0x080001b7   Thumb Code     0  startup_stm32f303xc.o(.text)
    RTC_Alarm_IRQHandler                     0x080001b7   Thumb Code     0  startup_stm32f303xc.o(.text)
    RTC_WKUP_IRQHandler                      0x080001b7   Thumb Code     0  startup_stm32f303xc.o(.text)
    SPI1_IRQHandler                          0x080001b7   Thumb Code     0  startup_stm32f303xc.o(.text)
    SPI2_IRQHandler                          0x080001b7   Thumb Code     0  startup_stm32f303xc.o(.text)
    SPI3_IRQHandler                          0x080001b7   Thumb Code     0  startup_stm32f303xc.o(.text)
    TAMP_STAMP_IRQHandler                    0x080001b7   Thumb Code     0  startup_stm32f303xc.o(.text)
    TIM1_BRK_TIM15_IRQHandler                0x080001b7   Thumb Code     0  startup_stm32f303xc.o(.text)
    TIM1_CC_IRQHandler                       0x080001b7   Thumb Code     0  startup_stm32f303xc.o(.text)
    TIM1_TRG_COM_TIM17_IRQHandler            0x080001b7   Thumb Code     0  startup_stm32f303xc.o(.text)
    TIM1_UP_TIM16_IRQHandler                 0x080001b7   Thumb Code     0  startup_stm32f303xc.o(.text)
    TIM3_IRQHandler                          0x080001b7   Thumb Code     0  startup_stm32f303xc.o(.text)
    TIM6_DAC_IRQHandler                      0x080001b7   Thumb Code     0  startup_stm32f303xc.o(.text)
    TIM7_IRQHandler                          0x080001b7   Thumb Code     0  startup_stm32f303xc.o(.text)
    TIM8_BRK_IRQHandler                      0x080001b7   Thumb Code     0  startup_stm32f303xc.o(.text)
    TIM8_CC_IRQHandler                       0x080001b7   Thumb Code     0  startup_stm32f303xc.o(.text)
    TIM8_TRG_COM_IRQHandler                  0x080001b7   Thumb Code     0  startup_stm32f303xc.o(.text)
    TIM8_UP_IRQHandler                       0x080001b7   Thumb Code     0  startup_stm32f303xc.o(.text)
    UART4_IRQHandler                         0x080001b7   Thumb Code     0  startup_stm32f303xc.o(.text)
    UART5_IRQHandler                         0x080001b7   Thumb Code     0  startup_stm32f303xc.o(.text)
    USART1_IRQHandler                        0x080001b7   Thumb Code     0  startup_stm32f303xc.o(.text)
    USART3_IRQHandler                        0x080001b7   Thumb Code     0  startup_stm32f303xc.o(.text)
    USBWakeUp_IRQHandler                     0x080001b7   Thumb Code     0  startup_stm32f303xc.o(.text)
    USBWakeUp_RMP_IRQHandler                 0x080001b7   Thumb Code     0  startup_stm32f303xc.o(.text)
    USB_HP_CAN_TX_IRQHandler                 0x080001b7   Thumb Code     0  startup_stm32f303xc.o(.text)
    USB_HP_IRQHandler                        0x080001b7   Thumb Code     0  startup_stm32f303xc.o(.text)
    USB_LP_CAN_RX0_IRQHandler                0x080001b7   Thumb Code     0  startup_stm32f303xc.o(.text)
    USB_LP_IRQHandler                        0x080001b7   Thumb Code     0  startup_stm32f303xc.o(.text)
    WWDG_IRQHandler                          0x080001b7   Thumb Code     0  startup_stm32f303xc.o(.text)
    __aeabi_memcpy                           0x080001c1   Thumb Code    36  memcpya.o(.text)
    __aeabi_memcpy4                          0x080001c1   Thumb Code     0  memcpya.o(.text)
    __aeabi_memcpy8                          0x080001c1   Thumb Code     0  memcpya.o(.text)
    __aeabi_memset                           0x080001e5   Thumb Code    14  memseta.o(.text)
    __aeabi_memset4                          0x080001e5   Thumb Code     0  memseta.o(.text)
    __aeabi_memset8                          0x080001e5   Thumb Code     0  memseta.o(.text)
    __aeabi_memclr                           0x080001f3   Thumb Code     4  memseta.o(.text)
    __aeabi_memclr4                          0x080001f3   Thumb Code     0  memseta.o(.text)
    __aeabi_memclr8                          0x080001f3   Thumb Code     0  memseta.o(.text)
    _memset$wrapper                          0x080001f7   Thumb Code    18  memseta.o(.text)
    strlen                                   0x08000209   Thumb Code    14  strlen.o(.text)
    __scatterload                            0x08000219   Thumb Code    28  init.o(.text)
    __scatterload_rt2                        0x08000219   Thumb Code     0  init.o(.text)
    EXTI0_IRQHandler                         0x08000301   Thumb Code     6  stm32f3xx_it.o(i.EXTI0_IRQHandler)
    EXTI1_IRQHandler                         0x08000307   Thumb Code     6  stm32f3xx_it.o(i.EXTI1_IRQHandler)
    EXTI2_TSC_IRQHandler                     0x0800030d   Thumb Code     6  stm32f3xx_it.o(i.EXTI2_TSC_IRQHandler)
    EXTI3_IRQHandler                         0x08000313   Thumb Code     6  stm32f3xx_it.o(i.EXTI3_IRQHandler)
    HAL_ADCEx_MultiModeConfigChannel         0x08000319   Thumb Code   256  stm32f3xx_hal_adc_ex.o(i.HAL_ADCEx_MultiModeConfigChannel)
    HAL_ADC_ConfigChannel                    0x0800042d   Thumb Code   884  stm32f3xx_hal_adc_ex.o(i.HAL_ADC_ConfigChannel)
    HAL_ADC_GetValue                         0x080007c1   Thumb Code     6  stm32f3xx_hal_adc_ex.o(i.HAL_ADC_GetValue)
    HAL_ADC_Init                             0x080007c9   Thumb Code   546  stm32f3xx_hal_adc_ex.o(i.HAL_ADC_Init)
    HAL_ADC_MspInit                          0x08000a11   Thumb Code   112  stm32f3xx_hal_msp.o(i.HAL_ADC_MspInit)
    HAL_ADC_Start                            0x08000a91   Thumb Code   322  stm32f3xx_hal_adc_ex.o(i.HAL_ADC_Start)
    HAL_DMA_Abort_IT                         0x08000be1   Thumb Code    74  stm32f3xx_hal_dma.o(i.HAL_DMA_Abort_IT)
    HAL_Delay                                0x08000c2d   Thumb Code    32  stm32f3xx_hal.o(i.HAL_Delay)
    HAL_GPIO_EXTI_Callback                   0x08000c51   Thumb Code   220  main.o(i.HAL_GPIO_EXTI_Callback)
    HAL_GPIO_EXTI_IRQHandler                 0x08000d35   Thumb Code    18  stm32f3xx_hal_gpio.o(i.HAL_GPIO_EXTI_IRQHandler)
    HAL_GPIO_Init                            0x08000d4d   Thumb Code   364  stm32f3xx_hal_gpio.o(i.HAL_GPIO_Init)
    HAL_GPIO_ReadPin                         0x08000ed5   Thumb Code    10  stm32f3xx_hal_gpio.o(i.HAL_GPIO_ReadPin)
    HAL_GPIO_TogglePin                       0x08000edf   Thumb Code     8  stm32f3xx_hal_gpio.o(i.HAL_GPIO_TogglePin)
    HAL_GPIO_WritePin                        0x08000ee7   Thumb Code    10  stm32f3xx_hal_gpio.o(i.HAL_GPIO_WritePin)
    HAL_GetTick                              0x08000ef1   Thumb Code     6  stm32f3xx_hal.o(i.HAL_GetTick)
    HAL_I2CEx_ConfigAnalogFilter             0x08000efd   Thumb Code    86  stm32f3xx_hal_i2c_ex.o(i.HAL_I2CEx_ConfigAnalogFilter)
    HAL_I2CEx_ConfigDigitalFilter            0x08000f53   Thumb Code    82  stm32f3xx_hal_i2c_ex.o(i.HAL_I2CEx_ConfigDigitalFilter)
    HAL_I2C_Init                             0x08000fa5   Thumb Code   178  stm32f3xx_hal_i2c.o(i.HAL_I2C_Init)
    HAL_I2C_MspInit                          0x0800105d   Thumb Code    62  stm32f3xx_hal_msp.o(i.HAL_I2C_MspInit)
    HAL_IncTick                              0x080010a9   Thumb Code    12  stm32f3xx_hal.o(i.HAL_IncTick)
    HAL_Init                                 0x080010b9   Thumb Code    32  stm32f3xx_hal.o(i.HAL_Init)
    HAL_InitTick                             0x080010dd   Thumb Code    54  stm32f3xx_hal.o(i.HAL_InitTick)
    HAL_MspInit                              0x0800111d   Thumb Code   106  stm32f3xx_hal_msp.o(i.HAL_MspInit)
    HAL_NVIC_EnableIRQ                       0x0800118d   Thumb Code    22  stm32f3xx_hal_cortex.o(i.HAL_NVIC_EnableIRQ)
    HAL_NVIC_SetPriority                     0x080011a5   Thumb Code    60  stm32f3xx_hal_cortex.o(i.HAL_NVIC_SetPriority)
    HAL_NVIC_SetPriorityGrouping             0x080011e5   Thumb Code    26  stm32f3xx_hal_cortex.o(i.HAL_NVIC_SetPriorityGrouping)
    HAL_PCD_Init                             0x08001209   Thumb Code   166  stm32f3xx_hal_pcd.o(i.HAL_PCD_Init)
    HAL_PCD_MspInit                          0x080012b1   Thumb Code    66  stm32f3xx_hal_msp.o(i.HAL_PCD_MspInit)
    HAL_RCCEx_PeriphCLKConfig                0x080012fd   Thumb Code   522  stm32f3xx_hal_rcc_ex.o(i.HAL_RCCEx_PeriphCLKConfig)
    HAL_RCC_ClockConfig                      0x08001515   Thumb Code   374  stm32f3xx_hal_rcc.o(i.HAL_RCC_ClockConfig)
    HAL_RCC_GetHCLKFreq                      0x0800169d   Thumb Code     6  stm32f3xx_hal_rcc.o(i.HAL_RCC_GetHCLKFreq)
    HAL_RCC_GetPCLK1Freq                     0x080016a9   Thumb Code    34  stm32f3xx_hal_rcc.o(i.HAL_RCC_GetPCLK1Freq)
    HAL_RCC_GetPCLK2Freq                     0x080016d9   Thumb Code    34  stm32f3xx_hal_rcc.o(i.HAL_RCC_GetPCLK2Freq)
    HAL_RCC_GetSysClockFreq                  0x08001709   Thumb Code    84  stm32f3xx_hal_rcc.o(i.HAL_RCC_GetSysClockFreq)
    HAL_RCC_OscConfig                        0x0800176d   Thumb Code  1452  stm32f3xx_hal_rcc.o(i.HAL_RCC_OscConfig)
    HAL_SPI_Init                             0x08001d19   Thumb Code   182  stm32f3xx_hal_spi.o(i.HAL_SPI_Init)
    HAL_SPI_MspInit                          0x08001dd1   Thumb Code    64  stm32f3xx_hal_msp.o(i.HAL_SPI_MspInit)
    HAL_SYSTICK_CLKSourceConfig              0x08001e19   Thumb Code    24  stm32f3xx_hal_cortex.o(i.HAL_SYSTICK_CLKSourceConfig)
    HAL_SYSTICK_Callback                     0x08001e31   Thumb Code     2  stm32f3xx_hal_cortex.o(i.HAL_SYSTICK_Callback)
    HAL_SYSTICK_Config                       0x08001e33   Thumb Code    40  stm32f3xx_hal_cortex.o(i.HAL_SYSTICK_Config)
    HAL_SYSTICK_IRQHandler                   0x08001e5b   Thumb Code     8  stm32f3xx_hal_cortex.o(i.HAL_SYSTICK_IRQHandler)
    HAL_TIMEx_Break2Callback                 0x08001e63   Thumb Code     2  stm32f3xx_hal_tim_ex.o(i.HAL_TIMEx_Break2Callback)
    HAL_TIMEx_BreakCallback                  0x08001e65   Thumb Code     2  stm32f3xx_hal_tim_ex.o(i.HAL_TIMEx_BreakCallback)
    HAL_TIMEx_CommutationCallback            0x08001e67   Thumb Code     2  stm32f3xx_hal_tim_ex.o(i.HAL_TIMEx_CommutationCallback)
    HAL_TIMEx_MasterConfigSynchronization    0x08001e69   Thumb Code    78  stm32f3xx_hal_tim_ex.o(i.HAL_TIMEx_MasterConfigSynchronization)
    HAL_TIM_Base_Init                        0x08001ec1   Thumb Code    54  stm32f3xx_hal_tim.o(i.HAL_TIM_Base_Init)
    HAL_TIM_Base_MspInit                     0x08001ef9   Thumb Code    86  stm32f3xx_hal_msp.o(i.HAL_TIM_Base_MspInit)
    HAL_TIM_Base_Start_IT                    0x08001f59   Thumb Code    24  stm32f3xx_hal_tim.o(i.HAL_TIM_Base_Start_IT)
    HAL_TIM_ConfigClockSource                0x08001f71   Thumb Code   246  stm32f3xx_hal_tim.o(i.HAL_TIM_ConfigClockSource)
    HAL_TIM_IC_CaptureCallback               0x0800206d   Thumb Code     2  stm32f3xx_hal_tim.o(i.HAL_TIM_IC_CaptureCallback)
    HAL_TIM_IRQHandler                       0x0800206f   Thumb Code   388  stm32f3xx_hal_tim.o(i.HAL_TIM_IRQHandler)
    HAL_TIM_OC_DelayElapsedCallback          0x080021f3   Thumb Code     2  stm32f3xx_hal_tim.o(i.HAL_TIM_OC_DelayElapsedCallback)
    HAL_TIM_PWM_PulseFinishedCallback        0x080021f5   Thumb Code     2  stm32f3xx_hal_tim.o(i.HAL_TIM_PWM_PulseFinishedCallback)
    HAL_TIM_PeriodElapsedCallback            0x080021f7   Thumb Code     2  stm32f3xx_hal_tim.o(i.HAL_TIM_PeriodElapsedCallback)
    HAL_TIM_TriggerCallback                  0x080021f9   Thumb Code     2  stm32f3xx_hal_tim.o(i.HAL_TIM_TriggerCallback)
    HAL_UARTEx_WakeupCallback                0x080021fb   Thumb Code     2  stm32f3xx_hal_uart_ex.o(i.HAL_UARTEx_WakeupCallback)
    HAL_UART_ErrorCallback                   0x080021fd   Thumb Code     2  stm32f3xx_hal_uart.o(i.HAL_UART_ErrorCallback)
    HAL_UART_IRQHandler                      0x08002201   Thumb Code   316  stm32f3xx_hal_uart.o(i.HAL_UART_IRQHandler)
    HAL_UART_Init                            0x08002341   Thumb Code   106  stm32f3xx_hal_uart.o(i.HAL_UART_Init)
    HAL_UART_MspInit                         0x080023ad   Thumb Code    80  stm32f3xx_hal_msp.o(i.HAL_UART_MspInit)
    HAL_UART_Receive_IT                      0x08002405   Thumb Code   122  stm32f3xx_hal_uart.o(i.HAL_UART_Receive_IT)
    HAL_UART_RxCpltCallback                  0x08002481   Thumb Code    88  main.o(i.HAL_UART_RxCpltCallback)
    HAL_UART_Transmit                        0x080024e9   Thumb Code   180  stm32f3xx_hal_uart.o(i.HAL_UART_Transmit)
    HAL_UART_TxCpltCallback                  0x0800259d   Thumb Code     2  stm32f3xx_hal_uart.o(i.HAL_UART_TxCpltCallback)
    LiquidCrystal                            0x080025a1   Thumb Code    66  liquidcrystal.o(i.LiquidCrystal)
    PendSV_Handler                           0x08002a45   Thumb Code     2  stm32f3xx_it.o(i.PendSV_Handler)
    SVC_Handler                              0x08002a47   Thumb Code     2  stm32f3xx_it.o(i.SVC_Handler)
    SysTick_Handler                          0x08002a49   Thumb Code    14  stm32f3xx_it.o(i.SysTick_Handler)
    SystemClock_Config                       0x08002a59   Thumb Code   138  main.o(i.SystemClock_Config)
    SystemInit                               0x08002ae9   Thumb Code    82  system_stm32f3xx.o(i.SystemInit)
    TIM2_IRQHandler                          0x08002b51   Thumb Code    16  stm32f3xx_it.o(i.TIM2_IRQHandler)
    TIM4_IRQHandler                          0x08002b65   Thumb Code    24  stm32f3xx_it.o(i.TIM4_IRQHandler)
    TIM_Base_SetConfig                       0x08002b81   Thumb Code   146  stm32f3xx_hal_tim.o(i.TIM_Base_SetConfig)
    TIM_ETR_SetConfig                        0x08002c31   Thumb Code    20  stm32f3xx_hal_tim.o(i.TIM_ETR_SetConfig)
    UART_AdvFeatureConfig                    0x08002c9b   Thumb Code   200  stm32f3xx_hal_uart.o(i.UART_AdvFeatureConfig)
    UART_CheckIdleState                      0x08002d63   Thumb Code    92  stm32f3xx_hal_uart.o(i.UART_CheckIdleState)
    UART_EndTransmit_IT                      0x08002def   Thumb Code    26  stm32f3xx_hal_uart.o(i.UART_EndTransmit_IT)
    UART_Receive_IT                          0x08002e09   Thumb Code   118  stm32f3xx_hal_uart.o(i.UART_Receive_IT)
    UART_SetConfig                           0x08002e81   Thumb Code   434  stm32f3xx_hal_uart.o(i.UART_SetConfig)
    UART_Transmit_IT                         0x08003055   Thumb Code   100  stm32f3xx_hal_uart.o(i.UART_Transmit_IT)
    UART_WaitOnFlagUntilTimeout              0x080030b9   Thumb Code   100  stm32f3xx_hal_uart.o(i.UART_WaitOnFlagUntilTimeout)
    USART2_IRQHandler                        0x0800311d   Thumb Code     6  stm32f3xx_it.o(i.USART2_IRQHandler)
    __scatterload_copy                       0x08003129   Thumb Code    14  handlers.o(i.__scatterload_copy)
    __scatterload_null                       0x08003137   Thumb Code     2  handlers.o(i.__scatterload_null)
    __scatterload_zeroinit                   0x08003139   Thumb Code    14  handlers.o(i.__scatterload_zeroinit)
    accelerate                               0x08003149   Thumb Code   130  main.o(i.accelerate)
    begin                                    0x080031dd   Thumb Code   304  liquidcrystal.o(i.begin)
    blinker                                  0x08003315   Thumb Code   122  main.o(i.blinker)
    blueButton                               0x080033bd   Thumb Code    88  main.o(i.blueButton)
    clear                                    0x08003419   Thumb Code    18  liquidcrystal.o(i.clear)
    command                                  0x0800342b   Thumb Code     6  liquidcrystal.o(i.command)
    createChar                               0x08003431   Thumb Code    36  liquidcrystal.o(i.createChar)
    display                                  0x08003455   Thumb Code    18  liquidcrystal.o(i.display)
    drawAirplane                             0x0800346d   Thumb Code   142  main.o(i.drawAirplane)
    enableClock                              0x08003501   Thumb Code   142  liquidcrystal.o(i.enableClock)
    fall                                     0x080035ad   Thumb Code   104  main.o(i.fall)
    gameOver                                 0x08003621   Thumb Code    10  main.o(i.gameOver)
    generateMap                              0x08003631   Thumb Code   256  main.o(i.generateMap)
    init                                     0x08003739   Thumb Code    72  liquidcrystal.o(i.init)
    init_DWT                                 0x08003789   Thumb Code    54  microdelay.o(i.init_DWT)
    main                                     0x080037c9   Thumb Code   218  main.o(i.main)
    myrand                                   0x080038bd   Thumb Code    18  main.o(i.myrand)
    onCharPressed                            0x080038d5   Thumb Code   164  main.o(i.onCharPressed)
    onFrame                                  0x0800397d   Thumb Code    76  main.o(i.onFrame)
    onRefresh                                0x080039d1   Thumb Code   178  main.o(i.onRefresh)
    print                                    0x08003a91   Thumb Code    40  liquidcrystal.o(i.print)
    printMenu                                0x08003ab9   Thumb Code   142  main.o(i.printMenu)
    pulseEnable                              0x08003b81   Thumb Code    56  liquidcrystal.o(i.pulseEnable)
    removeAirplane                           0x08003bbd   Thumb Code    26  main.o(i.removeAirplane)
    send                                     0x08003be1   Thumb Code    62  liquidcrystal.o(i.send)
    setCursor                                0x08003c25   Thumb Code    36  liquidcrystal.o(i.setCursor)
    setFuel                                  0x08003c4d   Thumb Code    94  main.o(i.setFuel)
    setNumber                                0x08003cb5   Thumb Code   128  main.o(i.setNumber)
    setRowOffsets                            0x08003d41   Thumb Code    14  liquidcrystal.o(i.setRowOffsets)
    setup                                    0x08003d55   Thumb Code    64  main.o(i.setup)
    show                                     0x08003d99   Thumb Code   112  main.o(i.show)
    showAboutUs                              0x08003e0d   Thumb Code    38  main.o(i.showAboutUs)
    startBlinker                             0x08003e55   Thumb Code    20  main.o(i.startBlinker)
    usDelay                                  0x08003e71   Thumb Code    34  microdelay.o(i.usDelay)
    write                                    0x08003e9d   Thumb Code    12  liquidcrystal.o(i.write)
    write4bits                               0x08003ea9   Thumb Code    44  liquidcrystal.o(i.write4bits)
    write8bits                               0x08003edd   Thumb Code    44  liquidcrystal.o(i.write8bits)
    aPLLMULFactorTable                       0x08003f10   Data          16  stm32f3xx_hal_rcc.o(.constdata)
    aPredivFactorTable                       0x08003f20   Data          16  stm32f3xx_hal_rcc.o(.constdata)
    AHBPrescTable                            0x08003f30   Data          16  system_stm32f3xx.o(.constdata)
    APBPrescTable                            0x08003f40   Data           8  system_stm32f3xx.o(.constdata)
    Region$$Table$$Base                      0x08003f48   Number         0  anon$$obj.o(Region$$Table)
    Region$$Table$$Limit                     0x08003f68   Number         0  anon$$obj.o(Region$$Table)
    uwTickFreq                               0x20000000   Data           1  stm32f3xx_hal.o(.data)
    uwTickPrio                               0x20000004   Data           4  stm32f3xx_hal.o(.data)
    uwTick                                   0x20000008   Data           4  stm32f3xx_hal.o(.data)
    SystemCoreClock                          0x2000000c   Data           4  system_stm32f3xx.o(.data)
    data                                     0x20000010   Data           1  main.o(.data)
    count                                    0x20000014   Data           4  main.o(.data)
    option                                   0x20000018   Data           4  main.o(.data)
    level                                    0x2000001c   Data           4  main.o(.data)
    state                                    0x20000020   Data           4  main.o(.data)
    lp                                       0x20000024   Data           4  main.o(.data)
    blinkC                                   0x20000028   Data           4  main.o(.data)
    blinkS                                   0x2000002c   Data           4  main.o(.data)
    started                                  0x20000030   Data           4  main.o(.data)
    fuel                                     0x20000034   Data           4  main.o(.data)
    keyState                                 0x20000038   Data           4  main.o(.data)
    frame                                    0x2000003c   Data           4  main.o(.data)
    speed                                    0x20000040   Data           4  main.o(.data)
    maxSpeed                                 0x20000044   Data           4  main.o(.data)
    engine                                   0x20000048   Data           4  main.o(.data)
    x                                        0x2000004c   Data           4  main.o(.data)
    y                                        0x20000050   Data           4  main.o(.data)
    segNumber                                0x20000054   Data           4  main.o(.data)
    accelC                                   0x20000058   Data           4  main.o(.data)
    pins                                     0x2000005c   Data           8  main.o(.data)
    bcdPins                                  0x20000064   Data           8  main.o(.data)
    airplane                                 0x2000006c   Data           8  main.o(.data)
    gas                                      0x20000074   Data           8  main.o(.data)
    normalBomb                               0x2000007c   Data           8  main.o(.data)
    deathlyBomb                              0x20000084   Data           8  main.o(.data)
    explotion                                0x2000008c   Data           8  main.o(.data)
    skull                                    0x20000094   Data           8  main.o(.data)
    led                                      0x2000009c   Data          16  main.o(.data)
    keys                                     0x200000ac   Data          16  main.o(.data)
    map                                      0x200000bc   Data          80  main.o(.data)
    _fourbit_mode                            0x20000110   Data           1  liquidcrystal.o(.data)
    dotsize                                  0x20000111   Data           1  liquidcrystal.o(.data)
    _displayfunction                         0x20000112   Data           1  liquidcrystal.o(.data)
    _displaycontrol                          0x20000113   Data           1  liquidcrystal.o(.data)
    _displaymode                             0x20000114   Data           1  liquidcrystal.o(.data)
    _numlines                                0x20000115   Data           1  liquidcrystal.o(.data)
    _rs_pin                                  0x20000116   Data           2  liquidcrystal.o(.data)
    _rw_pin                                  0x20000118   Data           2  liquidcrystal.o(.data)
    _enable_pin                              0x2000011a   Data           2  liquidcrystal.o(.data)
    _port                                    0x2000011c   Data           4  liquidcrystal.o(.data)
    _row_offsets                             0x20000120   Data           4  liquidcrystal.o(.data)
    allMap                                   0x20000124   Data         420  main.o(.bss)
    omap                                     0x200002c8   Data          80  main.o(.bss)
    hadc1                                    0x20000318   Data          84  main.o(.bss)
    hadc2                                    0x2000036c   Data          84  main.o(.bss)
    hi2c1                                    0x200003c0   Data          76  main.o(.bss)
    hspi1                                    0x2000040c   Data         100  main.o(.bss)
    htim2                                    0x20000470   Data          64  main.o(.bss)
    htim4                                    0x200004b0   Data          64  main.o(.bss)
    huart2                                   0x200004f0   Data         112  main.o(.bss)
    hpcd_USB_FS                              0x20000560   Data         936  main.o(.bss)
    text                                     0x20000908   Data         200  main.o(.bss)
    _data_pins                               0x200009d0   Data          16  liquidcrystal.o(.bss)
    __initial_sp                             0x20000de0   Data           0  startup_stm32f303xc.o(STACK)



==============================================================================

Memory Map of the image

  Image Entry point : 0x08000189

  Load Region LR_IROM1 (Base: 0x08000000, Size: 0x0000408c, Max: 0x00040000, ABSOLUTE)

    Execution Region ER_IROM1 (Exec base: 0x08000000, Load base: 0x08000000, Size: 0x00003f68, Max: 0x00040000, ABSOLUTE)

    Exec Addr    Load Addr    Size         Type   Attr      Idx    E Section Name        Object

    0x08000000   0x08000000   0x00000188   Data   RO            3    RESET               startup_stm32f303xc.o
    0x08000188   0x08000188   0x00000000   Code   RO         4693  * .ARM.Collect$$$$00000000  mc_w.l(entry.o)
    0x08000188   0x08000188   0x00000004   Code   RO         4706    .ARM.Collect$$$$00000001  mc_w.l(entry2.o)
    0x0800018c   0x0800018c   0x00000004   Code   RO         4709    .ARM.Collect$$$$00000004  mc_w.l(entry5.o)
    0x08000190   0x08000190   0x00000000   Code   RO         4711    .ARM.Collect$$$$00000008  mc_w.l(entry7b.o)
    0x08000190   0x08000190   0x00000000   Code   RO         4713    .ARM.Collect$$$$0000000A  mc_w.l(entry8b.o)
    0x08000190   0x08000190   0x00000008   Code   RO         4714    .ARM.Collect$$$$0000000B  mc_w.l(entry9a.o)
    0x08000198   0x08000198   0x00000000   Code   RO         4716    .ARM.Collect$$$$0000000D  mc_w.l(entry10a.o)
    0x08000198   0x08000198   0x00000000   Code   RO         4718    .ARM.Collect$$$$0000000F  mc_w.l(entry11a.o)
    0x08000198   0x08000198   0x00000004   Code   RO         4707    .ARM.Collect$$$$00002712  mc_w.l(entry2.o)
    0x0800019c   0x0800019c   0x00000024   Code   RO            4    .text               startup_stm32f303xc.o
    0x080001c0   0x080001c0   0x00000024   Code   RO         4698    .text               mc_w.l(memcpya.o)
    0x080001e4   0x080001e4   0x00000024   Code   RO         4700    .text               mc_w.l(memseta.o)
    0x08000208   0x08000208   0x0000000e   Code   RO         4702    .text               mc_w.l(strlen.o)
    0x08000216   0x08000216   0x00000002   PAD
    0x08000218   0x08000218   0x00000024   Code   RO         4720    .text               mc_w.l(init.o)
    0x0800023c   0x0800023c   0x00000062   Code   RO         3505    i.ADC_Disable       stm32f3xx_hal_adc_ex.o
    0x0800029e   0x0800029e   0x00000002   PAD
    0x080002a0   0x080002a0   0x00000060   Code   RO         3506    i.ADC_Enable        stm32f3xx_hal_adc_ex.o
    0x08000300   0x08000300   0x00000006   Code   RO         4387    i.EXTI0_IRQHandler  stm32f3xx_it.o
    0x08000306   0x08000306   0x00000006   Code   RO         4388    i.EXTI1_IRQHandler  stm32f3xx_it.o
    0x0800030c   0x0800030c   0x00000006   Code   RO         4389    i.EXTI2_TSC_IRQHandler  stm32f3xx_it.o
    0x08000312   0x08000312   0x00000006   Code   RO         4390    i.EXTI3_IRQHandler  stm32f3xx_it.o
    0x08000318   0x08000318   0x00000114   Code   RO         3521    i.HAL_ADCEx_MultiModeConfigChannel  stm32f3xx_hal_adc_ex.o
    0x0800042c   0x0800042c   0x00000394   Code   RO         3530    i.HAL_ADC_ConfigChannel  stm32f3xx_hal_adc_ex.o
    0x080007c0   0x080007c0   0x00000006   Code   RO         3532    i.HAL_ADC_GetValue  stm32f3xx_hal_adc_ex.o
    0x080007c6   0x080007c6   0x00000002   PAD
    0x080007c8   0x080007c8   0x00000248   Code   RO         3534    i.HAL_ADC_Init      stm32f3xx_hal_adc_ex.o
    0x08000a10   0x08000a10   0x00000080   Code   RO         4290    i.HAL_ADC_MspInit   stm32f3xx_hal_msp.o
    0x08000a90   0x08000a90   0x00000150   Code   RO         3537    i.HAL_ADC_Start     stm32f3xx_hal_adc_ex.o
    0x08000be0   0x08000be0   0x0000004a   Code   RO         1636    i.HAL_DMA_Abort_IT  stm32f3xx_hal_dma.o
    0x08000c2a   0x08000c2a   0x00000002   PAD
    0x08000c2c   0x08000c2c   0x00000024   Code   RO           20    i.HAL_Delay         stm32f3xx_hal.o
    0x08000c50   0x08000c50   0x000000e4   Code   RO         3953    i.HAL_GPIO_EXTI_Callback  main.o
    0x08000d34   0x08000d34   0x00000018   Code   RO         1569    i.HAL_GPIO_EXTI_IRQHandler  stm32f3xx_hal_gpio.o
    0x08000d4c   0x08000d4c   0x00000188   Code   RO         1570    i.HAL_GPIO_Init     stm32f3xx_hal_gpio.o
    0x08000ed4   0x08000ed4   0x0000000a   Code   RO         1572    i.HAL_GPIO_ReadPin  stm32f3xx_hal_gpio.o
    0x08000ede   0x08000ede   0x00000008   Code   RO         1573    i.HAL_GPIO_TogglePin  stm32f3xx_hal_gpio.o
    0x08000ee6   0x08000ee6   0x0000000a   Code   RO         1574    i.HAL_GPIO_WritePin  stm32f3xx_hal_gpio.o
    0x08000ef0   0x08000ef0   0x0000000c   Code   RO           24    i.HAL_GetTick       stm32f3xx_hal.o
    0x08000efc   0x08000efc   0x00000056   Code   RO         3033    i.HAL_I2CEx_ConfigAnalogFilter  stm32f3xx_hal_i2c_ex.o
    0x08000f52   0x08000f52   0x00000052   Code   RO         3034    i.HAL_I2CEx_ConfigDigitalFilter  stm32f3xx_hal_i2c_ex.o
    0x08000fa4   0x08000fa4   0x000000b8   Code   RO         2616    i.HAL_I2C_Init      stm32f3xx_hal_i2c.o
    0x0800105c   0x0800105c   0x0000004c   Code   RO         4292    i.HAL_I2C_MspInit   stm32f3xx_hal_msp.o
    0x080010a8   0x080010a8   0x00000010   Code   RO           30    i.HAL_IncTick       stm32f3xx_hal.o
    0x080010b8   0x080010b8   0x00000024   Code   RO           31    i.HAL_Init          stm32f3xx_hal.o
    0x080010dc   0x080010dc   0x00000040   Code   RO           32    i.HAL_InitTick      stm32f3xx_hal.o
    0x0800111c   0x0800111c   0x00000070   Code   RO         4293    i.HAL_MspInit       stm32f3xx_hal_msp.o
    0x0800118c   0x0800118c   0x00000016   Code   RO         1780    i.HAL_NVIC_EnableIRQ  stm32f3xx_hal_cortex.o
    0x080011a2   0x080011a2   0x00000002   PAD
    0x080011a4   0x080011a4   0x00000040   Code   RO         1786    i.HAL_NVIC_SetPriority  stm32f3xx_hal_cortex.o
    0x080011e4   0x080011e4   0x00000024   Code   RO         1787    i.HAL_NVIC_SetPriorityGrouping  stm32f3xx_hal_cortex.o
    0x08001208   0x08001208   0x000000a6   Code   RO          966    i.HAL_PCD_Init      stm32f3xx_hal_pcd.o
    0x080012ae   0x080012ae   0x00000002   PAD
    0x080012b0   0x080012b0   0x0000004c   Code   RO         4295    i.HAL_PCD_MspInit   stm32f3xx_hal_msp.o
    0x080012fc   0x080012fc   0x00000218   Code   RO         2480    i.HAL_RCCEx_PeriphCLKConfig  stm32f3xx_hal_rcc_ex.o
    0x08001514   0x08001514   0x00000188   Code   RO         1160    i.HAL_RCC_ClockConfig  stm32f3xx_hal_rcc.o
    0x0800169c   0x0800169c   0x0000000c   Code   RO         1165    i.HAL_RCC_GetHCLKFreq  stm32f3xx_hal_rcc.o
    0x080016a8   0x080016a8   0x00000030   Code   RO         1167    i.HAL_RCC_GetPCLK1Freq  stm32f3xx_hal_rcc.o
    0x080016d8   0x080016d8   0x00000030   Code   RO         1168    i.HAL_RCC_GetPCLK2Freq  stm32f3xx_hal_rcc.o
    0x08001708   0x08001708   0x00000064   Code   RO         1169    i.HAL_RCC_GetSysClockFreq  stm32f3xx_hal_rcc.o
    0x0800176c   0x0800176c   0x000005ac   Code   RO         1172    i.HAL_RCC_OscConfig  stm32f3xx_hal_rcc.o
    0x08001d18   0x08001d18   0x000000b6   Code   RO         2162    i.HAL_SPI_Init      stm32f3xx_hal_spi.o
    0x08001dce   0x08001dce   0x00000002   PAD
    0x08001dd0   0x08001dd0   0x00000048   Code   RO         4297    i.HAL_SPI_MspInit   stm32f3xx_hal_msp.o
    0x08001e18   0x08001e18   0x00000018   Code   RO         1789    i.HAL_SYSTICK_CLKSourceConfig  stm32f3xx_hal_cortex.o
    0x08001e30   0x08001e30   0x00000002   Code   RO         1790    i.HAL_SYSTICK_Callback  stm32f3xx_hal_cortex.o
    0x08001e32   0x08001e32   0x00000028   Code   RO         1791    i.HAL_SYSTICK_Config  stm32f3xx_hal_cortex.o
    0x08001e5a   0x08001e5a   0x00000008   Code   RO         1792    i.HAL_SYSTICK_IRQHandler  stm32f3xx_hal_cortex.o
    0x08001e62   0x08001e62   0x00000002   Code   RO         1264    i.HAL_TIMEx_Break2Callback  stm32f3xx_hal_tim_ex.o
    0x08001e64   0x08001e64   0x00000002   Code   RO         1265    i.HAL_TIMEx_BreakCallback  stm32f3xx_hal_tim_ex.o
    0x08001e66   0x08001e66   0x00000002   Code   RO         1266    i.HAL_TIMEx_CommutationCallback  stm32f3xx_hal_tim_ex.o
    0x08001e68   0x08001e68   0x00000058   Code   RO         1283    i.HAL_TIMEx_MasterConfigSynchronization  stm32f3xx_hal_tim_ex.o
    0x08001ec0   0x08001ec0   0x00000036   Code   RO          301    i.HAL_TIM_Base_Init  stm32f3xx_hal_tim.o
    0x08001ef6   0x08001ef6   0x00000002   PAD
    0x08001ef8   0x08001ef8   0x00000060   Code   RO         4299    i.HAL_TIM_Base_MspInit  stm32f3xx_hal_msp.o
    0x08001f58   0x08001f58   0x00000018   Code   RO          306    i.HAL_TIM_Base_Start_IT  stm32f3xx_hal_tim.o
    0x08001f70   0x08001f70   0x000000fc   Code   RO          310    i.HAL_TIM_ConfigClockSource  stm32f3xx_hal_tim.o
    0x0800206c   0x0800206c   0x00000002   Code   RO          332    i.HAL_TIM_IC_CaptureCallback  stm32f3xx_hal_tim.o
    0x0800206e   0x0800206e   0x00000184   Code   RO          345    i.HAL_TIM_IRQHandler  stm32f3xx_hal_tim.o
    0x080021f2   0x080021f2   0x00000002   Code   RO          348    i.HAL_TIM_OC_DelayElapsedCallback  stm32f3xx_hal_tim.o
    0x080021f4   0x080021f4   0x00000002   Code   RO          375    i.HAL_TIM_PWM_PulseFinishedCallback  stm32f3xx_hal_tim.o
    0x080021f6   0x080021f6   0x00000002   Code   RO          382    i.HAL_TIM_PeriodElapsedCallback  stm32f3xx_hal_tim.o
    0x080021f8   0x080021f8   0x00000002   Code   RO          386    i.HAL_TIM_TriggerCallback  stm32f3xx_hal_tim.o
    0x080021fa   0x080021fa   0x00000002   Code   RO         3452    i.HAL_UARTEx_WakeupCallback  stm32f3xx_hal_uart_ex.o
    0x080021fc   0x080021fc   0x00000002   Code   RO         3109    i.HAL_UART_ErrorCallback  stm32f3xx_hal_uart.o
    0x080021fe   0x080021fe   0x00000002   PAD
    0x08002200   0x08002200   0x00000140   Code   RO         3112    i.HAL_UART_IRQHandler  stm32f3xx_hal_uart.o
    0x08002340   0x08002340   0x0000006a   Code   RO         3113    i.HAL_UART_Init     stm32f3xx_hal_uart.o
    0x080023aa   0x080023aa   0x00000002   PAD
    0x080023ac   0x080023ac   0x00000058   Code   RO         4301    i.HAL_UART_MspInit  stm32f3xx_hal_msp.o
    0x08002404   0x08002404   0x0000007a   Code   RO         3118    i.HAL_UART_Receive_IT  stm32f3xx_hal_uart.o
    0x0800247e   0x0800247e   0x00000002   PAD
    0x08002480   0x08002480   0x00000068   Code   RO         3954    i.HAL_UART_RxCpltCallback  main.o
    0x080024e8   0x080024e8   0x000000b4   Code   RO         3121    i.HAL_UART_Transmit  stm32f3xx_hal_uart.o
    0x0800259c   0x0800259c   0x00000002   Code   RO         3124    i.HAL_UART_TxCpltCallback  stm32f3xx_hal_uart.o
    0x0800259e   0x0800259e   0x00000002   PAD
    0x080025a0   0x080025a0   0x00000048   Code   RO         4469    i.LiquidCrystal     liquidcrystal.o
    0x080025e8   0x080025e8   0x0000006c   Code   RO         3955    i.MX_ADC1_Init      main.o
    0x08002654   0x08002654   0x0000005c   Code   RO         3956    i.MX_ADC2_Init      main.o
    0x080026b0   0x080026b0   0x000001f4   Code   RO         3957    i.MX_GPIO_Init      main.o
    0x080028a4   0x080028a4   0x00000050   Code   RO         3958    i.MX_I2C1_Init      main.o
    0x080028f4   0x080028f4   0x00000048   Code   RO         3959    i.MX_SPI1_Init      main.o
    0x0800293c   0x0800293c   0x00000054   Code   RO         3960    i.MX_TIM2_Init      main.o
    0x08002990   0x08002990   0x00000054   Code   RO         3961    i.MX_TIM4_Init      main.o
    0x080029e4   0x080029e4   0x00000040   Code   RO         3962    i.MX_USART2_UART_Init  main.o
    0x08002a24   0x08002a24   0x00000020   Code   RO         1793    i.NVIC_SetPriority  stm32f3xx_hal_cortex.o
    0x08002a44   0x08002a44   0x00000002   Code   RO         4391    i.PendSV_Handler    stm32f3xx_it.o
    0x08002a46   0x08002a46   0x00000002   Code   RO         4392    i.SVC_Handler       stm32f3xx_it.o
    0x08002a48   0x08002a48   0x0000000e   Code   RO         4393    i.SysTick_Handler   stm32f3xx_it.o
    0x08002a56   0x08002a56   0x00000002   PAD
    0x08002a58   0x08002a58   0x00000090   Code   RO         3963    i.SystemClock_Config  main.o
    0x08002ae8   0x08002ae8   0x00000068   Code   RO         3916    i.SystemInit        system_stm32f3xx.o
    0x08002b50   0x08002b50   0x00000014   Code   RO         4394    i.TIM2_IRQHandler   stm32f3xx_it.o
    0x08002b64   0x08002b64   0x0000001c   Code   RO         4395    i.TIM4_IRQHandler   stm32f3xx_it.o
    0x08002b80   0x08002b80   0x000000b0   Code   RO          387    i.TIM_Base_SetConfig  stm32f3xx_hal_tim.o
    0x08002c30   0x08002c30   0x00000014   Code   RO          394    i.TIM_ETR_SetConfig  stm32f3xx_hal_tim.o
    0x08002c44   0x08002c44   0x00000010   Code   RO          395    i.TIM_ITRx_SetConfig  stm32f3xx_hal_tim.o
    0x08002c54   0x08002c54   0x00000022   Code   RO          401    i.TIM_TI1_ConfigInputStage  stm32f3xx_hal_tim.o
    0x08002c76   0x08002c76   0x00000024   Code   RO          403    i.TIM_TI2_ConfigInputStage  stm32f3xx_hal_tim.o
    0x08002c9a   0x08002c9a   0x000000c8   Code   RO         3126    i.UART_AdvFeatureConfig  stm32f3xx_hal_uart.o
    0x08002d62   0x08002d62   0x0000005c   Code   RO         3127    i.UART_CheckIdleState  stm32f3xx_hal_uart.o
    0x08002dbe   0x08002dbe   0x00000014   Code   RO         3128    i.UART_DMAAbortOnError  stm32f3xx_hal_uart.o
    0x08002dd2   0x08002dd2   0x0000001c   Code   RO         3138    i.UART_EndRxTransfer  stm32f3xx_hal_uart.o
    0x08002dee   0x08002dee   0x0000001a   Code   RO         3139    i.UART_EndTransmit_IT  stm32f3xx_hal_uart.o
    0x08002e08   0x08002e08   0x00000076   Code   RO         3141    i.UART_Receive_IT   stm32f3xx_hal_uart.o
    0x08002e7e   0x08002e7e   0x00000002   PAD
    0x08002e80   0x08002e80   0x000001d4   Code   RO         3142    i.UART_SetConfig    stm32f3xx_hal_uart.o
    0x08003054   0x08003054   0x00000064   Code   RO         3143    i.UART_Transmit_IT  stm32f3xx_hal_uart.o
    0x080030b8   0x080030b8   0x00000064   Code   RO         3144    i.UART_WaitOnFlagUntilTimeout  stm32f3xx_hal_uart.o
    0x0800311c   0x0800311c   0x0000000c   Code   RO         4396    i.USART2_IRQHandler  stm32f3xx_it.o
    0x08003128   0x08003128   0x0000000e   Code   RO         4724    i.__scatterload_copy  mc_w.l(handlers.o)
    0x08003136   0x08003136   0x00000002   Code   RO         4725    i.__scatterload_null  mc_w.l(handlers.o)
    0x08003138   0x08003138   0x0000000e   Code   RO         4726    i.__scatterload_zeroinit  mc_w.l(handlers.o)
    0x08003146   0x08003146   0x00000002   PAD
    0x08003148   0x08003148   0x00000094   Code   RO         3965    i.accelerate        main.o
    0x080031dc   0x080031dc   0x00000138   Code   RO         4471    i.begin             liquidcrystal.o
    0x08003314   0x08003314   0x000000a8   Code   RO         3966    i.blinker           main.o
    0x080033bc   0x080033bc   0x0000005c   Code   RO         3967    i.blueButton        main.o
    0x08003418   0x08003418   0x00000012   Code   RO         4473    i.clear             liquidcrystal.o
    0x0800342a   0x0800342a   0x00000006   Code   RO         4637    i.command           liquidcrystal.o
    0x08003430   0x08003430   0x00000024   Code   RO         4474    i.createChar        liquidcrystal.o
    0x08003454   0x08003454   0x00000018   Code   RO         4476    i.display           liquidcrystal.o
    0x0800346c   0x0800346c   0x00000094   Code   RO         3968    i.drawAirplane      main.o
    0x08003500   0x08003500   0x000000ac   Code   RO         4477    i.enableClock       liquidcrystal.o
    0x080035ac   0x080035ac   0x00000074   Code   RO         3969    i.fall              main.o
    0x08003620   0x08003620   0x00000010   Code   RO         3970    i.gameOver          main.o
    0x08003630   0x08003630   0x00000108   Code   RO         3971    i.generateMap       main.o
    0x08003738   0x08003738   0x00000050   Code   RO         4479    i.init              liquidcrystal.o
    0x08003788   0x08003788   0x00000040   Code   RO         4666    i.init_DWT          microdelay.o
    0x080037c8   0x080037c8   0x000000f4   Code   RO         3972    i.main              main.o
    0x080038bc   0x080038bc   0x00000018   Code   RO         3973    i.myrand            main.o
    0x080038d4   0x080038d4   0x000000a8   Code   RO         3974    i.onCharPressed     main.o
    0x0800397c   0x0800397c   0x00000054   Code   RO         3975    i.onFrame           main.o
    0x080039d0   0x080039d0   0x000000c0   Code   RO         3976    i.onRefresh         main.o
    0x08003a90   0x08003a90   0x00000028   Code   RO         4485    i.print             liquidcrystal.o
    0x08003ab8   0x08003ab8   0x000000c8   Code   RO         3977    i.printMenu         main.o
    0x08003b80   0x08003b80   0x0000003c   Code   RO         4486    i.pulseEnable       liquidcrystal.o
    0x08003bbc   0x08003bbc   0x00000024   Code   RO         3978    i.removeAirplane    main.o
    0x08003be0   0x08003be0   0x00000044   Code   RO         4490    i.send              liquidcrystal.o
    0x08003c24   0x08003c24   0x00000028   Code   RO         4491    i.setCursor         liquidcrystal.o
    0x08003c4c   0x08003c4c   0x00000068   Code   RO         3979    i.setFuel           main.o
    0x08003cb4   0x08003cb4   0x0000008c   Code   RO         3980    i.setNumber         main.o
    0x08003d40   0x08003d40   0x00000014   Code   RO         4492    i.setRowOffsets     liquidcrystal.o
    0x08003d54   0x08003d54   0x00000044   Code   RO         3981    i.setup             main.o
    0x08003d98   0x08003d98   0x00000074   Code   RO         3982    i.show              main.o
    0x08003e0c   0x08003e0c   0x00000048   Code   RO         3983    i.showAboutUs       main.o
    0x08003e54   0x08003e54   0x0000001c   Code   RO         3984    i.startBlinker      main.o
    0x08003e70   0x08003e70   0x0000002c   Code   RO         4667    i.usDelay           microdelay.o
    0x08003e9c   0x08003e9c   0x0000000c   Code   RO         4642    i.write             liquidcrystal.o
    0x08003ea8   0x08003ea8   0x00000034   Code   RO         4493    i.write4bits        liquidcrystal.o
    0x08003edc   0x08003edc   0x00000034   Code   RO         4494    i.write8bits        liquidcrystal.o
    0x08003f10   0x08003f10   0x00000020   Data   RO         1173    .constdata          stm32f3xx_hal_rcc.o
    0x08003f30   0x08003f30   0x00000010   Data   RO         3917    .constdata          system_stm32f3xx.o
    0x08003f40   0x08003f40   0x00000008   Data   RO         3918    .constdata          system_stm32f3xx.o
    0x08003f48   0x08003f48   0x00000020   Data   RO         4722    Region$$Table       anon$$obj.o


    Execution Region RW_IRAM1 (Exec base: 0x20000000, Load base: 0x08003f68, Size: 0x00000de0, Max: 0x0000a000, ABSOLUTE)

    Exec Addr    Load Addr    Size         Type   Attr      Idx    E Section Name        Object

    0x20000000   0x08003f68   0x0000000c   Data   RW           38    .data               stm32f3xx_hal.o
    0x2000000c   0x08003f74   0x00000004   Data   RW         3919    .data               system_stm32f3xx.o
    0x20000010   0x08003f78   0x000000fc   Data   RW         3989    .data               main.o
    0x2000010c   0x08004074   0x00000004   Data   RW         4302    .data               stm32f3xx_hal_msp.o
    0x20000110   0x08004078   0x00000014   Data   RW         4496    .data               liquidcrystal.o
    0x20000124        -       0x000008ac   Zero   RW         3986    .bss                main.o
    0x200009d0        -       0x00000010   Zero   RW         4495    .bss                liquidcrystal.o
    0x200009e0        -       0x00000400   Zero   RW            1    STACK               startup_stm32f303xc.o


==============================================================================

Image component sizes


      Code (inc. data)   RO Data    RW Data    ZI Data      Debug   Object Name

      1064         94          0         20         16      12608   liquidcrystal.o
      3988        422          0        252       2220     655972   main.o
       108         20          0          0          0       1377   microdelay.o
        36          8        392          0       1024        872   startup_stm32f303xc.o
       164         28          0         12          0     652361   stm32f3xx_hal.o
      2312        108          0          0          0       7993   stm32f3xx_hal_adc_ex.o
       228         14          0          0          0      32449   stm32f3xx_hal_cortex.o
        74          0          0          0          0       1155   stm32f3xx_hal_dma.o
       444         34          0          0          0       4491   stm32f3xx_hal_gpio.o
       184          6          0          0          0       3059   stm32f3xx_hal_i2c.o
       168          0          0          0          0       2019   stm32f3xx_hal_i2c_ex.o
       648         72          0          4          0       5520   stm32f3xx_hal_msp.o
       166          0          0          0          0       1529   stm32f3xx_hal_pcd.o
      2052         80         32          0          0       6580   stm32f3xx_hal_rcc.o
       536         14          0          0          0       1664   stm32f3xx_hal_rcc_ex.o
       182          0          0          0          0       1327   stm32f3xx_hal_spi.o
      1010         36          0          0          0      11041   stm32f3xx_hal_tim.o
        94         10          0          0          0       3253   stm32f3xx_hal_tim_ex.o
      1884         58          0          0          0      13051   stm32f3xx_hal_uart.o
         2          0          0          0          0       1004   stm32f3xx_hal_uart_ex.o
       102         14          0          0          0       5041   stm32f3xx_it.o
       104         22         24          4          0       1267   system_stm32f3xx.o

    ----------------------------------------------------------------------
     15576       1040        480        292       3260    1425633   Object Totals
         0          0         32          0          0          0   (incl. Generated)
        26          0          0          0          0          0   (incl. Padding)

    ----------------------------------------------------------------------

      Code (inc. data)   RO Data    RW Data    ZI Data      Debug   Library Member Name

         0          0          0          0          0          0   entry.o
         0          0          0          0          0          0   entry10a.o
         0          0          0          0          0          0   entry11a.o
         8          4          0          0          0          0   entry2.o
         4          0          0          0          0          0   entry5.o
         0          0          0          0          0          0   entry7b.o
         0          0          0          0          0          0   entry8b.o
         8          4          0          0          0          0   entry9a.o
        30          0          0          0          0          0   handlers.o
        36          8          0          0          0         68   init.o
        36          0          0          0          0         68   memcpya.o
        36          0          0          0          0        108   memseta.o
        14          0          0          0          0         68   strlen.o

    ----------------------------------------------------------------------
       176         16          0          0          0        312   Library Totals
         4          0          0          0          0          0   (incl. Padding)

    ----------------------------------------------------------------------

      Code (inc. data)   RO Data    RW Data    ZI Data      Debug   Library Name

       172         16          0          0          0        312   mc_w.l

    ----------------------------------------------------------------------
       176         16          0          0          0        312   Library Totals

    ----------------------------------------------------------------------

==============================================================================


      Code (inc. data)   RO Data    RW Data    ZI Data      Debug   

     15752       1056        480        292       3260    1412897   Grand Totals
     15752       1056        480        292       3260    1412897   ELF Image Totals
     15752       1056        480        292          0          0   ROM Totals

==============================================================================

    Total RO  Size (Code + RO Data)                16232 (  15.85kB)
    Total RW  Size (RW Data + ZI Data)              3552 (   3.47kB)
    Total ROM Size (Code + RO Data + RW Data)      16524 (  16.14kB)

==============================================================================

